Component: ARM Compiler 5.06 update 5 (build 528) Tool: armlink [4d35e2]

==============================================================================

Small function inlining results

Inlined total of 0 calls.

==============================================================================

Section Cross References

    system_nuc100series.o(i.SystemCoreClockUpdate) refers to uidiv.o(.text) for __aeabi_uidivmod
    system_nuc100series.o(i.SystemCoreClockUpdate) refers to system_nuc100series.o(.data) for .data
    startup_nuc100series.o(RESET) refers to startup_nuc100series.o(STACK) for __initial_sp
    startup_nuc100series.o(RESET) refers to startup_nuc100series.o(.text) for Reset_Handler
    startup_nuc100series.o(RESET) refers to retarget.o(.emb_text) for HardFault_Handler
    startup_nuc100series.o(RESET) refers to port.o(.emb_text) for PendSV_Handler
    startup_nuc100series.o(RESET) refers to port.o(i.SysTick_Handler) for SysTick_Handler
    startup_nuc100series.o(.text) refers to system_nuc100series.o(i.SystemInit) for SystemInit
    startup_nuc100series.o(.text) refers to entry.o(.ARM.Collect$$$$00000000) for __main
    retarget.o(.emb_text) refers to retarget.o(i.Hard_Fault_Handler) for Hard_Fault_Handler
    retarget.o(i.GetChar) refers to retarget.o(.emb_text) for SH_DoCommand
    retarget.o(i.Hard_Fault_Handler) refers to printf5.o(i.__0printf$5) for __2printf
    retarget.o(i.Hard_Fault_Handler) refers to retarget.o(i.stackDump) for stackDump
    retarget.o(i.SendChar) refers to retarget.o(.emb_text) for SH_DoCommand
    retarget.o(i.SendChar) refers to retarget.o(i.SendChar_ToUART) for SendChar_ToUART
    retarget.o(i.SendChar) refers to retarget.o(.bss) for .bss
    retarget.o(i.SendChar) refers to retarget.o(.data) for .data
    retarget.o(i._sys_exit) refers to retarget.o(.emb_text) for SH_DoCommand
    retarget.o(i._sys_exit) refers to retarget.o(i.IsDebugFifoEmpty) for IsDebugFifoEmpty
    retarget.o(i._ttywrch) refers to retarget.o(i.SendChar) for SendChar
    retarget.o(i.fgetc) refers to retarget.o(i.GetChar) for GetChar
    retarget.o(i.fputc) refers to retarget.o(i.SendChar) for SendChar
    retarget.o(i.stackDump) refers to printf5.o(i.__0printf$5) for __2printf
    clk.o(i.CLK_DisableCKO) refers to clk.o(i.CLK_DisableModuleClock) for CLK_DisableModuleClock
    clk.o(i.CLK_DisableModuleClock) refers to clk.o(.constdata) for .constdata
    clk.o(i.CLK_EnableCKO) refers to clk.o(i.CLK_EnableModuleClock) for CLK_EnableModuleClock
    clk.o(i.CLK_EnableCKO) refers to clk.o(i.CLK_SetModuleClock) for CLK_SetModuleClock
    clk.o(i.CLK_EnableModuleClock) refers to clk.o(.constdata) for .constdata
    clk.o(i.CLK_EnablePLL) refers to clk.o(i.CLK_WaitClockReady) for CLK_WaitClockReady
    clk.o(i.CLK_EnablePLL) refers to uidiv.o(.text) for __aeabi_uidivmod
    clk.o(i.CLK_GetCPUFreq) refers to system_nuc100series.o(i.SystemCoreClockUpdate) for SystemCoreClockUpdate
    clk.o(i.CLK_GetCPUFreq) refers to system_nuc100series.o(.data) for SystemCoreClock
    clk.o(i.CLK_GetHCLKFreq) refers to system_nuc100series.o(i.SystemCoreClockUpdate) for SystemCoreClockUpdate
    clk.o(i.CLK_GetHCLKFreq) refers to system_nuc100series.o(.data) for SystemCoreClock
    clk.o(i.CLK_GetPCLKFreq) refers to system_nuc100series.o(i.SystemCoreClockUpdate) for SystemCoreClockUpdate
    clk.o(i.CLK_GetPCLKFreq) refers to system_nuc100series.o(.data) for SystemCoreClock
    clk.o(i.CLK_SetCoreClock) refers to clk.o(i.CLK_EnablePLL) for CLK_EnablePLL
    clk.o(i.CLK_SetCoreClock) refers to clk.o(i.CLK_SetHCLK) for CLK_SetHCLK
    clk.o(i.CLK_SetHCLK) refers to system_nuc100series.o(i.SystemCoreClockUpdate) for SystemCoreClockUpdate
    clk.o(i.CLK_SetModuleClock) refers to clk.o(.constdata) for .constdata
    uart.o(i.CLK_GetPLLClockFreq) refers to uidiv.o(.text) for __aeabi_uidivmod
    uart.o(i.UART_Open) refers to uart.o(i.CLK_GetPLLClockFreq) for CLK_GetPLLClockFreq
    uart.o(i.UART_Open) refers to uidiv.o(.text) for __aeabi_uidivmod
    uart.o(i.UART_Open) refers to uart.o(.constdata) for .constdata
    uart.o(i.UART_SelectIrDAMode) refers to uart.o(i.CLK_GetPLLClockFreq) for CLK_GetPLLClockFreq
    uart.o(i.UART_SelectIrDAMode) refers to uidiv.o(.text) for __aeabi_uidivmod
    uart.o(i.UART_SelectIrDAMode) refers to uart.o(.constdata) for .constdata
    uart.o(i.UART_SetLine_Config) refers to uart.o(i.CLK_GetPLLClockFreq) for CLK_GetPLLClockFreq
    uart.o(i.UART_SetLine_Config) refers to uidiv.o(.text) for __aeabi_uidivmod
    uart.o(i.UART_SetLine_Config) refers to uart.o(.constdata) for .constdata
    main.o(i.GPIO_Init) refers to gpio.o(i.GPIO_SetMode) for GPIO_SetMode
    main.o(i.ScanKey_protected) refers to queue.o(i.xQueueGenericReceive) for xQueueGenericReceive
    main.o(i.ScanKey_protected) refers to scankey.o(i.ScanKey) for ScanKey
    main.o(i.ScanKey_protected) refers to queue.o(i.xQueueGenericSend) for xQueueGenericSend
    main.o(i.ScanKey_protected) refers to main.o(.data) for .data
[...]
    queue.o(i.xQueueGiveMutexRecursive) refers to tasks.o(i.xTaskGetCurrentTaskHandle) for xTaskGetCurrentTaskHandle
    queue.o(i.xQueueGiveMutexRecursive) refers to queue.o(i.xQueueGenericSend) for xQueueGenericSend
    queue.o(i.xQueueReceiveFromISR) refers to port.o(.emb_text) for vPortSetInterruptMask
    queue.o(i.xQueueReceiveFromISR) refers to queue.o(i.prvCopyDataFromQueue) for prvCopyDataFromQueue
    queue.o(i.xQueueReceiveFromISR) refers to tasks.o(i.xTaskRemoveFromEventList) for xTaskRemoveFromEventList
    queue.o(i.xQueueTakeMutexRecursive) refers to tasks.o(i.xTaskGetCurrentTaskHandle) for xTaskGetCurrentTaskHandle
    queue.o(i.xQueueTakeMutexRecursive) refers to queue.o(i.xQueueGenericReceive) for xQueueGenericReceive
    tasks.o(i.prvCheckTasksWaitingTermination) refers to tasks.o(i.vTaskSuspendAll) for vTaskSuspendAll
    tasks.o(i.prvCheckTasksWaitingTermination) refers to tasks.o(i.xTaskResumeAll) for xTaskResumeAll
    tasks.o(i.prvCheckTasksWaitingTermination) refers to port.o(i.vPortEnterCritical) for vPortEnterCritical
    tasks.o(i.prvCheckTasksWaitingTermination) refers to list.o(i.vListRemove) for vListRemove
    tasks.o(i.prvCheckTasksWaitingTermination) refers to port.o(i.vPortExitCritical) for vPortExitCritical
    tasks.o(i.prvCheckTasksWaitingTermination) refers to heap_2.o(i.vPortFree) for vPortFree
    tasks.o(i.prvCheckTasksWaitingTermination) refers to tasks.o(.data) for .data
    tasks.o(i.prvCheckTasksWaitingTermination) refers to tasks.o(.bss) for .bss
    tasks.o(i.prvIdleTask) refers to tasks.o(i.prvCheckTasksWaitingTermination) for prvCheckTasksWaitingTermination
    tasks.o(i.prvIdleTask) refers to port.o(i.vPortYieldFromISR) for vPortYieldFromISR
    tasks.o(i.prvIdleTask) refers to tasks.o(.bss) for .bss
    tasks.o(i.uxTaskGetNumberOfTasks) refers to tasks.o(.data) for .data
    tasks.o(i.uxTaskPriorityGet) refers to port.o(i.vPortEnterCritical) for vPortEnterCritical
    tasks.o(i.uxTaskPriorityGet) refers to port.o(i.vPortExitCritical) for vPortExitCritical
    tasks.o(i.uxTaskPriorityGet) refers to tasks.o(.data) for .data
    tasks.o(i.vTaskDelay) refers to tasks.o(i.vTaskSuspendAll) for vTaskSuspendAll
    tasks.o(i.vTaskDelay) refers to list.o(i.vListRemove) for vListRemove
    tasks.o(i.vTaskDelay) refers to list.o(i.vListInsert) for vListInsert
    tasks.o(i.vTaskDelay) refers to tasks.o(i.xTaskResumeAll) for xTaskResumeAll
    tasks.o(i.vTaskDelay) refers to port.o(i.vPortYieldFromISR) for vPortYieldFromISR
    tasks.o(i.vTaskDelay) refers to tasks.o(.data) for .data
    tasks.o(i.vTaskDelayUntil) refers to tasks.o(i.vTaskSuspendAll) for vTaskSuspendAll
    tasks.o(i.vTaskDelayUntil) refers to list.o(i.vListRemove) for vListRemove
    tasks.o(i.vTaskDelayUntil) refers to list.o(i.vListInsert) for vListInsert
    tasks.o(i.vTaskDelayUntil) refers to tasks.o(i.xTaskResumeAll) for xTaskResumeAll
    tasks.o(i.vTaskDelayUntil) refers to port.o(i.vPortYieldFromISR) for vPortYieldFromISR
    tasks.o(i.vTaskDelayUntil) refers to tasks.o(.data) for .data
    tasks.o(i.vTaskDelete) refers to port.o(i.vPortEnterCritical) for vPortEnterCritical
    tasks.o(i.vTaskDelete) refers to list.o(i.vListRemove) for vListRemove
    tasks.o(i.vTaskDelete) refers to list.o(i.vListInsertEnd) for vListInsertEnd
    tasks.o(i.vTaskDelete) refers to port.o(i.vPortExitCritical) for vPortExitCritical
    tasks.o(i.vTaskDelete) refers to port.o(i.vPortYieldFromISR) for vPortYieldFromISR
    tasks.o(i.vTaskDelete) refers to tasks.o(.data) for .data
    tasks.o(i.vTaskDelete) refers to tasks.o(.bss) for .bss
    tasks.o(i.vTaskEndScheduler) refers to port.o(.emb_text) for vPortSetInterruptMask
    tasks.o(i.vTaskEndScheduler) refers to port.o(i.vPortEndScheduler) for vPortEndScheduler
    tasks.o(i.vTaskEndScheduler) refers to tasks.o(.data) for .data
    tasks.o(i.vTaskIncrementTick) refers to list.o(i.vListRemove) for vListRemove
    tasks.o(i.vTaskIncrementTick) refers to list.o(i.vListInsertEnd) for vListInsertEnd
    tasks.o(i.vTaskIncrementTick) refers to tasks.o(.data) for .data
    tasks.o(i.vTaskIncrementTick) refers to tasks.o(.bss) for .bss
    tasks.o(i.vTaskMissedYield) refers to tasks.o(.data) for .data
    tasks.o(i.vTaskPlaceOnEventList) refers to list.o(i.vListInsert) for vListInsert
    tasks.o(i.vTaskPlaceOnEventList) refers to list.o(i.vListRemove) for vListRemove
    tasks.o(i.vTaskPlaceOnEventList) refers to list.o(i.vListInsertEnd) for vListInsertEnd
    tasks.o(i.vTaskPlaceOnEventList) refers to tasks.o(.data) for .data
    tasks.o(i.vTaskPlaceOnEventList) refers to tasks.o(.bss) for .bss
    tasks.o(i.vTaskPriorityDisinherit) refers to list.o(i.vListRemove) for vListRemove
    tasks.o(i.vTaskPriorityDisinherit) refers to list.o(i.vListInsertEnd) for vListInsertEnd
    tasks.o(i.vTaskPriorityDisinherit) refers to tasks.o(.data) for .data
    tasks.o(i.vTaskPriorityDisinherit) refers to tasks.o(.bss) for .bss
    tasks.o(i.vTaskPriorityInherit) refers to list.o(i.vListRemove) for vListRemove
    tasks.o(i.vTaskPriorityInherit) refers to list.o(i.vListInsertEnd) for vListInsertEnd
    tasks.o(i.vTaskPriorityInherit) refers to tasks.o(.data) for .data
    tasks.o(i.vTaskPriorityInherit) refers to tasks.o(.bss) for .bss
    tasks.o(i.vTaskPrioritySet) refers to port.o(i.vPortEnterCritical) for vPortEnterCritical
    tasks.o(i.vTaskPrioritySet) refers to list.o(i.vListRemove) for vListRemove
    tasks.o(i.vTaskPrioritySet) refers to list.o(i.vListInsertEnd) for vListInsertEnd
    tasks.o(i.vTaskPrioritySet) refers to port.o(i.vPortYieldFromISR) for vPortYieldFromISR
    tasks.o(i.vTaskPrioritySet) refers to port.o(i.vPortExitCritical) for vPortExitCritical
    tasks.o(i.vTaskPrioritySet) refers to tasks.o(.data) for .data
    tasks.o(i.vTaskPrioritySet) refers to tasks.o(.bss) for .bss
    tasks.o(i.vTaskResume) refers to port.o(i.vPortEnterCritical) for vPortEnterCritical
    tasks.o(i.vTaskResume) refers to tasks.o(i.xTaskIsTaskSuspended) for xTaskIsTaskSuspended
    tasks.o(i.vTaskResume) refers to list.o(i.vListRemove) for vListRemove
    tasks.o(i.vTaskResume) refers to list.o(i.vListInsertEnd) for vListInsertEnd
    tasks.o(i.vTaskResume) refers to port.o(i.vPortYieldFromISR) for vPortYieldFromISR
    tasks.o(i.vTaskResume) refers to port.o(i.vPortExitCritical) for vPortExitCritical
    tasks.o(i.vTaskResume) refers to tasks.o(.data) for .data
    tasks.o(i.vTaskResume) refers to tasks.o(.bss) for .bss
    tasks.o(i.vTaskSetTimeOutState) refers to tasks.o(.data) for .data
    tasks.o(i.vTaskStartScheduler) refers to tasks.o(i.xTaskGenericCreate) for xTaskGenericCreate
    tasks.o(i.vTaskStartScheduler) refers to port.o(.emb_text) for vPortSetInterruptMask
    tasks.o(i.vTaskStartScheduler) refers to port.o(i.xPortStartScheduler) for xPortStartScheduler
    tasks.o(i.vTaskStartScheduler) refers to tasks.o(i.prvIdleTask) for prvIdleTask
    tasks.o(i.vTaskStartScheduler) refers to tasks.o(.data) for .data
    tasks.o(i.vTaskSuspend) refers to port.o(i.vPortEnterCritical) for vPortEnterCritical
    tasks.o(i.vTaskSuspend) refers to list.o(i.vListRemove) for vListRemove
    tasks.o(i.vTaskSuspend) refers to list.o(i.vListInsertEnd) for vListInsertEnd
    tasks.o(i.vTaskSuspend) refers to port.o(i.vPortExitCritical) for vPortExitCritical
    tasks.o(i.vTaskSuspend) refers to port.o(i.vPortYieldFromISR) for vPortYieldFromISR
    tasks.o(i.vTaskSuspend) refers to tasks.o(.data) for .data
    tasks.o(i.vTaskSuspend) refers to tasks.o(.bss) for .bss
    tasks.o(i.vTaskSuspendAll) refers to tasks.o(.data) for .data
    tasks.o(i.vTaskSwitchContext) refers to tasks.o(.data) for .data
    tasks.o(i.vTaskSwitchContext) refers to tasks.o(.bss) for .bss
    tasks.o(i.xTaskCheckForTimeOut) refers to port.o(i.vPortEnterCritical) for vPortEnterCritical
    tasks.o(i.xTaskCheckForTimeOut) refers to tasks.o(i.vTaskSetTimeOutState) for vTaskSetTimeOutState
    tasks.o(i.xTaskCheckForTimeOut) refers to port.o(i.vPortExitCritical) for vPortExitCritical
    tasks.o(i.xTaskCheckForTimeOut) refers to tasks.o(.data) for .data
    tasks.o(i.xTaskGenericCreate) refers to heap_2.o(i.pvPortMalloc) for pvPortMalloc
    tasks.o(i.xTaskGenericCreate) refers to memseta.o(.text) for __aeabi_memset
    tasks.o(i.xTaskGenericCreate) refers to strncpy.o(.text) for strncpy
    tasks.o(i.xTaskGenericCreate) refers to list.o(i.vListInitialiseItem) for vListInitialiseItem
    tasks.o(i.xTaskGenericCreate) refers to port.o(i.pxPortInitialiseStack) for pxPortInitialiseStack
    tasks.o(i.xTaskGenericCreate) refers to port.o(i.vPortEnterCritical) for vPortEnterCritical
    tasks.o(i.xTaskGenericCreate) refers to heap_2.o(i.vPortFree) for vPortFree
    tasks.o(i.xTaskGenericCreate) refers to list.o(i.vListInitialise) for vListInitialise
    tasks.o(i.xTaskGenericCreate) refers to list.o(i.vListInsertEnd) for vListInsertEnd
    tasks.o(i.xTaskGenericCreate) refers to port.o(i.vPortExitCritical) for vPortExitCritical
    tasks.o(i.xTaskGenericCreate) refers to port.o(i.vPortYieldFromISR) for vPortYieldFromISR
    tasks.o(i.xTaskGenericCreate) refers to tasks.o(.data) for .data
    tasks.o(i.xTaskGenericCreate) refers to tasks.o(.bss) for .bss
    tasks.o(i.xTaskGetCurrentTaskHandle) refers to tasks.o(.data) for .data
    tasks.o(i.xTaskGetTickCount) refers to port.o(i.vPortEnterCritical) for vPortEnterCritical
    tasks.o(i.xTaskGetTickCount) refers to port.o(i.vPortExitCritical) for vPortExitCritical
    tasks.o(i.xTaskGetTickCount) refers to tasks.o(.data) for .data
    tasks.o(i.xTaskIsTaskSuspended) refers to tasks.o(.bss) for .bss
    tasks.o(i.xTaskRemoveFromEventList) refers to list.o(i.vListRemove) for vListRemove
    tasks.o(i.xTaskRemoveFromEventList) refers to list.o(i.vListInsertEnd) for vListInsertEnd
    tasks.o(i.xTaskRemoveFromEventList) refers to tasks.o(.data) for .data
    tasks.o(i.xTaskRemoveFromEventList) refers to tasks.o(.bss) for .bss
    tasks.o(i.xTaskResumeAll) refers to port.o(i.vPortEnterCritical) for vPortEnterCritical
    tasks.o(i.xTaskResumeAll) refers to list.o(i.vListRemove) for vListRemove
    tasks.o(i.xTaskResumeAll) refers to list.o(i.vListInsertEnd) for vListInsertEnd
    tasks.o(i.xTaskResumeAll) refers to tasks.o(i.vTaskIncrementTick) for vTaskIncrementTick
    tasks.o(i.xTaskResumeAll) refers to port.o(i.vPortYieldFromISR) for vPortYieldFromISR
    tasks.o(i.xTaskResumeAll) refers to port.o(i.vPortExitCritical) for vPortExitCritical
    tasks.o(i.xTaskResumeAll) refers to tasks.o(.data) for .data
    tasks.o(i.xTaskResumeAll) refers to tasks.o(.bss) for .bss
    tasks.o(i.xTaskResumeFromISR) refers to tasks.o(i.xTaskIsTaskSuspended) for xTaskIsTaskSuspended
    tasks.o(i.xTaskResumeFromISR) refers to list.o(i.vListRemove) for vListRemove
    tasks.o(i.xTaskResumeFromISR) refers to list.o(i.vListInsertEnd) for vListInsertEnd
    tasks.o(i.xTaskResumeFromISR) refers to tasks.o(.data) for .data
    tasks.o(i.xTaskResumeFromISR) refers to tasks.o(.bss) for .bss
    port.o(.emb_text) refers to tasks.o(i.vTaskSwitchContext) for vTaskSwitchContext
    port.o(.emb_text) refers to tasks.o(.data) for pxCurrentTCB
    port.o(i.SysTick_Handler) refers to port.o(.emb_text) for vPortSetInterruptMask
    port.o(i.SysTick_Handler) refers to tasks.o(i.vTaskIncrementTick) for vTaskIncrementTick
    port.o(i.vPortEnterCritical) refers to port.o(.emb_text) for vPortSetInterruptMask
    port.o(i.vPortEnterCritical) refers to port.o(.data) for .data
    port.o(i.vPortExitCritical) refers to port.o(.emb_text) for vPortClearInterruptMask
    port.o(i.vPortExitCritical) refers to port.o(.data) for .data
    port.o(i.xPortStartScheduler) refers to port.o(.emb_text) for vPortStartFirstTask
    port.o(i.xPortStartScheduler) refers to port.o(.data) for .data
    heap_2.o(i.pvPortMalloc) refers to tasks.o(i.vTaskSuspendAll) for vTaskSuspendAll
    heap_2.o(i.pvPortMalloc) refers to tasks.o(i.xTaskResumeAll) for xTaskResumeAll
    heap_2.o(i.pvPortMalloc) refers to heap_2.o(.data) for .data
    heap_2.o(i.pvPortMalloc) refers to heap_2.o(.bss) for .bss
    heap_2.o(i.vPortFree) refers to tasks.o(i.vTaskSuspendAll) for vTaskSuspendAll
    heap_2.o(i.vPortFree) refers to tasks.o(i.xTaskResumeAll) for xTaskResumeAll
    heap_2.o(i.vPortFree) refers to heap_2.o(.data) for .data
    heap_2.o(i.xPortGetFreeHeapSize) refers to heap_2.o(.data) for .data
    entry.o(.ARM.Collect$$$$00000000) refers (Special) to entry10a.o(.ARM.Collect$$$$0000000D) for __rt_final_cpp
    entry.o(.ARM.Collect$$$$00000000) refers (Special) to entry11a.o(.ARM.Collect$$$$0000000F) for __rt_final_exit
    entry.o(.ARM.Collect$$$$00000000) refers (Special) to entry7b.o(.ARM.Collect$$$$00000008) for _main_clock
    entry.o(.ARM.Collect$$$$00000000) refers (Special) to entry8b.o(.ARM.Collect$$$$0000000A) for _main_cpp_init
    entry.o(.ARM.Collect$$$$00000000) refers (Special) to entry9a.o(.ARM.Collect$$$$0000000B) for _main_init
    entry.o(.ARM.Collect$$$$00000000) refers (Special) to entry5.o(.ARM.Collect$$$$00000004) for _main_scatterload
    entry.o(.ARM.Collect$$$$00000000) refers (Special) to entry2.o(.ARM.Collect$$$$00000001) for _main_stk
    printfb.o(i.__0fprintf$bare) refers to printfb.o(i._printf_core) for _printf_core
    printfb.o(i.__0fprintf$bare) refers to retarget.o(i.fputc) for fputc
    printfb.o(i.__0printf$bare) refers to printfb.o(i._printf_core) for _printf_core
    printfb.o(i.__0printf$bare) refers to retarget.o(i.fputc) for fputc
    printfb.o(i.__0printf$bare) refers to retarget.o(.data) for __stdout
    printfb.o(i.__0snprintf$bare) refers to printfb.o(i._printf_core) for _printf_core
    printfb.o(i.__0snprintf$bare) refers to printfb.o(i._snputc) for _snputc
    printfb.o(i.__0sprintf$bare) refers to printfb.o(i._printf_core) for _printf_core
    printfb.o(i.__0sprintf$bare) refers to printfb.o(i._sputc) for _sputc
    printfb.o(i.__0vfprintf$bare) refers to printfb.o(i._printf_core) for _printf_core
    printfb.o(i.__0vfprintf$bare) refers to retarget.o(i.fputc) for fputc
    printfb.o(i.__0vprintf$bare) refers to printfb.o(i._printf_core) for _printf_core
    printfb.o(i.__0vprintf$bare) refers to retarget.o(i.fputc) for fputc
    printfb.o(i.__0vprintf$bare) refers to retarget.o(.data) for __stdout
    printfb.o(i.__0vsnprintf$bare) refers to printfb.o(i._printf_core) for _printf_core
    printfb.o(i.__0vsnprintf$bare) refers to printfb.o(i._snputc) for _snputc
    printfb.o(i.__0vsprintf$bare) refers to printfb.o(i._printf_core) for _printf_core
    printfb.o(i.__0vsprintf$bare) refers to printfb.o(i._sputc) for _sputc
    printf0.o(i.__0fprintf$0) refers to printf0.o(i._printf_core) for _printf_core
    printf0.o(i.__0fprintf$0) refers to retarget.o(i.fputc) for fputc
    printf0.o(i.__0printf$0) refers to printf0.o(i._printf_core) for _printf_core
    printf0.o(i.__0printf$0) refers to retarget.o(i.fputc) for fputc
    printf0.o(i.__0printf$0) refers to retarget.o(.data) for __stdout
    printf0.o(i.__0snprintf$0) refers to printf0.o(i._printf_core) for _printf_core
    printf0.o(i.__0snprintf$0) refers to printf0.o(i._snputc) for _snputc
    printf0.o(i.__0sprintf$0) refers to printf0.o(i._printf_core) for _printf_core
    printf0.o(i.__0sprintf$0) refers to printf0.o(i._sputc) for _sputc
    printf0.o(i.__0vfprintf$0) refers to printf0.o(i._printf_core) for _printf_core
    printf0.o(i.__0vfprintf$0) refers to retarget.o(i.fputc) for fputc
    printf0.o(i.__0vprintf$0) refers to printf0.o(i._printf_core) for _printf_core
    printf0.o(i.__0vprintf$0) refers to retarget.o(i.fputc) for fputc
    printf0.o(i.__0vprintf$0) refers to retarget.o(.data) for __stdout
    printf0.o(i.__0vsnprintf$0) refers to printf0.o(i._printf_core) for _printf_core
    printf0.o(i.__0vsnprintf$0) refers to printf0.o(i._snputc) for _snputc
    printf0.o(i.__0vsprintf$0) refers to printf0.o(i._printf_core) for _printf_core
    printf0.o(i.__0vsprintf$0) refers to printf0.o(i._sputc) for _sputc
    printf1.o(i.__0fprintf$1) refers to printf1.o(i._printf_core) for _printf_core
    printf1.o(i.__0fprintf$1) refers to retarget.o(i.fputc) for fputc
    printf1.o(i.__0printf$1) refers to printf1.o(i._printf_core) for _printf_core
    printf1.o(i.__0printf$1) refers to retarget.o(i.fputc) for fputc
    printf1.o(i.__0printf$1) refers to retarget.o(.data) for __stdout
    printf1.o(i.__0snprintf$1) refers to printf1.o(i._printf_core) for _printf_core
    printf1.o(i.__0snprintf$1) refers to printf1.o(i._snputc) for _snputc
    printf1.o(i.__0sprintf$1) refers to printf1.o(i._printf_core) for _printf_core
    printf1.o(i.__0sprintf$1) refers to printf1.o(i._sputc) for _sputc
    printf1.o(i.__0vfprintf$1) refers to printf1.o(i._printf_core) for _printf_core
    printf1.o(i.__0vfprintf$1) refers to retarget.o(i.fputc) for fputc
    printf1.o(i.__0vprintf$1) refers to printf1.o(i._printf_core) for _printf_core
    printf1.o(i.__0vprintf$1) refers to retarget.o(i.fputc) for fputc
    printf1.o(i.__0vprintf$1) refers to retarget.o(.data) for __stdout
    printf1.o(i.__0vsnprintf$1) refers to printf1.o(i._printf_core) for _printf_core
    printf1.o(i.__0vsnprintf$1) refers to printf1.o(i._snputc) for _snputc
    printf1.o(i.__0vsprintf$1) refers to printf1.o(i._printf_core) for _printf_core
    printf1.o(i.__0vsprintf$1) refers to printf1.o(i._sputc) for _sputc
    printf1.o(i._printf_core) refers to uidiv.o(.text) for __aeabi_uidivmod
    printf2.o(i.__0fprintf$2) refers to printf2.o(i._printf_core) for _printf_core
    printf2.o(i.__0fprintf$2) refers to retarget.o(i.fputc) for fputc
    printf2.o(i.__0printf$2) refers to printf2.o(i._printf_core) for _printf_core
    printf2.o(i.__0printf$2) refers to retarget.o(i.fputc) for fputc
    printf2.o(i.__0printf$2) refers to retarget.o(.data) for __stdout
    printf2.o(i.__0snprintf$2) refers to printf2.o(i._printf_core) for _printf_core
    printf2.o(i.__0snprintf$2) refers to printf2.o(i._snputc) for _snputc
    printf2.o(i.__0sprintf$2) refers to printf2.o(i._printf_core) for _printf_core
    printf2.o(i.__0sprintf$2) refers to printf2.o(i._sputc) for _sputc
    printf2.o(i.__0vfprintf$2) refers to printf2.o(i._printf_core) for _printf_core
    printf2.o(i.__0vfprintf$2) refers to retarget.o(i.fputc) for fputc
    printf2.o(i.__0vprintf$2) refers to printf2.o(i._printf_core) for _printf_core
    printf2.o(i.__0vprintf$2) refers to retarget.o(i.fputc) for fputc
    printf2.o(i.__0vprintf$2) refers to retarget.o(.data) for __stdout
    printf2.o(i.__0vsnprintf$2) refers to printf2.o(i._printf_core) for _printf_core
    printf2.o(i.__0vsnprintf$2) refers to printf2.o(i._snputc) for _snputc
    printf2.o(i.__0vsprintf$2) refers to printf2.o(i._printf_core) for _printf_core
    printf2.o(i.__0vsprintf$2) refers to printf2.o(i._sputc) for _sputc
    printf3.o(i.__0fprintf$3) refers to printf3.o(i._printf_core) for _printf_core
    printf3.o(i.__0fprintf$3) refers to retarget.o(i.fputc) for fputc
    printf3.o(i.__0printf$3) refers to printf3.o(i._printf_core) for _printf_core
    printf3.o(i.__0printf$3) refers to retarget.o(i.fputc) for fputc
    printf3.o(i.__0printf$3) refers to retarget.o(.data) for __stdout
    printf3.o(i.__0snprintf$3) refers to printf3.o(i._printf_core) for _printf_core
    printf3.o(i.__0snprintf$3) refers to printf3.o(i._snputc) for _snputc
    printf3.o(i.__0sprintf$3) refers to printf3.o(i._printf_core) for _printf_core
    printf3.o(i.__0sprintf$3) refers to printf3.o(i._sputc) for _sputc
    printf3.o(i.__0vfprintf$3) refers to printf3.o(i._printf_core) for _printf_core
    printf3.o(i.__0vfprintf$3) refers to retarget.o(i.fputc) for fputc
    printf3.o(i.__0vprintf$3) refers to printf3.o(i._printf_core) for _printf_core
    printf3.o(i.__0vprintf$3) refers to retarget.o(i.fputc) for fputc
    printf3.o(i.__0vprintf$3) refers to retarget.o(.data) for __stdout
    printf3.o(i.__0vsnprintf$3) refers to printf3.o(i._printf_core) for _printf_core
    printf3.o(i.__0vsnprintf$3) refers to printf3.o(i._snputc) for _snputc
    printf3.o(i.__0vsprintf$3) refers to printf3.o(i._printf_core) for _printf_core
    printf3.o(i.__0vsprintf$3) refers to printf3.o(i._sputc) for _sputc
    printf3.o(i._printf_core) refers to uidiv.o(.text) for __aeabi_uidivmod
    printf4.o(i.__0fprintf$4) refers to printf4.o(i._printf_core) for _printf_core
    printf4.o(i.__0fprintf$4) refers to retarget.o(i.fputc) for fputc
    printf4.o(i.__0printf$4) refers to printf4.o(i._printf_core) for _printf_core
    printf4.o(i.__0printf$4) refers to retarget.o(i.fputc) for fputc
    printf4.o(i.__0printf$4) refers to retarget.o(.data) for __stdout
    printf4.o(i.__0snprintf$4) refers to printf4.o(i._printf_core) for _printf_core
    printf4.o(i.__0snprintf$4) refers to printf4.o(i._snputc) for _snputc
    printf4.o(i.__0sprintf$4) refers to printf4.o(i._printf_core) for _printf_core
    printf4.o(i.__0sprintf$4) refers to printf4.o(i._sputc) for _sputc
    printf4.o(i.__0vfprintf$4) refers to printf4.o(i._printf_core) for _printf_core
    printf4.o(i.__0vfprintf$4) refers to retarget.o(i.fputc) for fputc
    printf4.o(i.__0vprintf$4) refers to printf4.o(i._printf_core) for _printf_core
    printf4.o(i.__0vprintf$4) refers to retarget.o(i.fputc) for fputc
    printf4.o(i.__0vprintf$4) refers to retarget.o(.data) for __stdout
    printf4.o(i.__0vsnprintf$4) refers to printf4.o(i._printf_core) for _printf_core
    printf4.o(i.__0vsnprintf$4) refers to printf4.o(i._snputc) for _snputc
    printf4.o(i.__0vsprintf$4) refers to printf4.o(i._printf_core) for _printf_core
    printf4.o(i.__0vsprintf$4) refers to printf4.o(i._sputc) for _sputc
    printf4.o(i._printf_core) refers to uldiv.o(.text) for __aeabi_uldivmod
    printf5.o(i.__0fprintf$5) refers to printf5.o(i._printf_core) for _printf_core
    printf5.o(i.__0fprintf$5) refers to retarget.o(i.fputc) for fputc
    printf5.o(i.__0printf$5) refers to printf5.o(i._printf_core) for _printf_core
    printf5.o(i.__0printf$5) refers to retarget.o(i.fputc) for fputc
    printf5.o(i.__0printf$5) refers to retarget.o(.data) for __stdout
    printf5.o(i.__0snprintf$5) refers to printf5.o(i._printf_core) for _printf_core
    printf5.o(i.__0snprintf$5) refers to printf5.o(i._snputc) for _snputc
    printf5.o(i.__0sprintf$5) refers to printf5.o(i._printf_core) for _printf_core
    printf5.o(i.__0sprintf$5) refers to printf5.o(i._sputc) for _sputc
    printf5.o(i.__0vfprintf$5) refers to printf5.o(i._printf_core) for _printf_core
    printf5.o(i.__0vfprintf$5) refers to retarget.o(i.fputc) for fputc
    printf5.o(i.__0vprintf$5) refers to printf5.o(i._printf_core) for _printf_core
    printf5.o(i.__0vprintf$5) refers to retarget.o(i.fputc) for fputc
    printf5.o(i.__0vprintf$5) refers to retarget.o(.data) for __stdout
    printf5.o(i.__0vsnprintf$5) refers to printf5.o(i._printf_core) for _printf_core
    printf5.o(i.__0vsnprintf$5) refers to printf5.o(i._snputc) for _snputc
    printf5.o(i.__0vsprintf$5) refers to printf5.o(i._printf_core) for _printf_core
    printf5.o(i.__0vsprintf$5) refers to printf5.o(i._sputc) for _sputc
    printf5.o(i._printf_core) refers to uldiv.o(.text) for __aeabi_uldivmod
    printf6.o(i.__0fprintf$6) refers to printf6.o(i._printf_core) for _printf_core
    printf6.o(i.__0fprintf$6) refers to retarget.o(i.fputc) for fputc
    printf6.o(i.__0printf$6) refers to printf6.o(i._printf_core) for _printf_core
    printf6.o(i.__0printf$6) refers to retarget.o(i.fputc) for fputc
    printf6.o(i.__0printf$6) refers to retarget.o(.data) for __stdout
    printf6.o(i.__0snprintf$6) refers to printf6.o(i._printf_core) for _printf_core
    printf6.o(i.__0snprintf$6) refers to printf6.o(i._snputc) for _snputc
    printf6.o(i.__0sprintf$6) refers to printf6.o(i._printf_core) for _printf_core
    printf6.o(i.__0sprintf$6) refers to printf6.o(i._sputc) for _sputc
    printf6.o(i.__0vfprintf$6) refers to printf6.o(i._printf_core) for _printf_core
    printf6.o(i.__0vfprintf$6) refers to retarget.o(i.fputc) for fputc
    printf6.o(i.__0vprintf$6) refers to printf6.o(i._printf_core) for _printf_core
    printf6.o(i.__0vprintf$6) refers to retarget.o(i.fputc) for fputc
    printf6.o(i.__0vprintf$6) refers to retarget.o(.data) for __stdout
    printf6.o(i.__0vsnprintf$6) refers to printf6.o(i._printf_core) for _printf_core
    printf6.o(i.__0vsnprintf$6) refers to printf6.o(i._snputc) for _snputc
    printf6.o(i.__0vsprintf$6) refers to printf6.o(i._printf_core) for _printf_core
    printf6.o(i.__0vsprintf$6) refers to printf6.o(i._sputc) for _sputc
    printf6.o(i._printf_core) refers to printf6.o(i._printf_pre_padding) for _printf_pre_padding
    printf6.o(i._printf_core) refers to printf6.o(i._printf_post_padding) for _printf_post_padding
    printf6.o(i._printf_core) refers to uidiv.o(.text) for __aeabi_uidivmod
    printf7.o(i.__0fprintf$7) refers to printf7.o(i._printf_core) for _printf_core
    printf7.o(i.__0fprintf$7) refers to retarget.o(i.fputc) for fputc
    printf7.o(i.__0printf$7) refers to printf7.o(i._printf_core) for _printf_core
    printf7.o(i.__0printf$7) refers to retarget.o(i.fputc) for fputc
    printf7.o(i.__0printf$7) refers to retarget.o(.data) for __stdout
    printf7.o(i.__0snprintf$7) refers to printf7.o(i._printf_core) for _printf_core
    printf7.o(i.__0snprintf$7) refers to printf7.o(i._snputc) for _snputc
    printf7.o(i.__0sprintf$7) refers to printf7.o(i._printf_core) for _printf_core
    printf7.o(i.__0sprintf$7) refers to printf7.o(i._sputc) for _sputc
    printf7.o(i.__0vfprintf$7) refers to printf7.o(i._printf_core) for _printf_core
    printf7.o(i.__0vfprintf$7) refers to retarget.o(i.fputc) for fputc
    printf7.o(i.__0vprintf$7) refers to printf7.o(i._printf_core) for _printf_core
    printf7.o(i.__0vprintf$7) refers to retarget.o(i.fputc) for fputc
    printf7.o(i.__0vprintf$7) refers to retarget.o(.data) for __stdout
    printf7.o(i.__0vsnprintf$7) refers to printf7.o(i._printf_core) for _printf_core
    printf7.o(i.__0vsnprintf$7) refers to printf7.o(i._snputc) for _snputc
    printf7.o(i.__0vsprintf$7) refers to printf7.o(i._printf_core) for _printf_core
    printf7.o(i.__0vsprintf$7) refers to printf7.o(i._sputc) for _sputc
    printf7.o(i._printf_core) refers to printf7.o(i._printf_pre_padding) for _printf_pre_padding
    printf7.o(i._printf_core) refers to printf7.o(i._printf_post_padding) for _printf_post_padding
    printf7.o(i._printf_core) refers to uldiv.o(.text) for __aeabi_uldivmod
    printf8.o(i.__0fprintf$8) refers to printf8.o(i._printf_core) for _printf_core
    printf8.o(i.__0fprintf$8) refers to retarget.o(i.fputc) for fputc
    printf8.o(i.__0printf$8) refers to printf8.o(i._printf_core) for _printf_core
    printf8.o(i.__0printf$8) refers to retarget.o(i.fputc) for fputc
    printf8.o(i.__0printf$8) refers to retarget.o(.data) for __stdout
    printf8.o(i.__0snprintf$8) refers to printf8.o(i._printf_core) for _printf_core
    printf8.o(i.__0snprintf$8) refers to printf8.o(i._snputc) for _snputc
    printf8.o(i.__0sprintf$8) refers to printf8.o(i._printf_core) for _printf_core
    printf8.o(i.__0sprintf$8) refers to printf8.o(i._sputc) for _sputc
    printf8.o(i.__0vfprintf$8) refers to printf8.o(i._printf_core) for _printf_core
    printf8.o(i.__0vfprintf$8) refers to retarget.o(i.fputc) for fputc
    printf8.o(i.__0vprintf$8) refers to printf8.o(i._printf_core) for _printf_core
    printf8.o(i.__0vprintf$8) refers to retarget.o(i.fputc) for fputc
    printf8.o(i.__0vprintf$8) refers to retarget.o(.data) for __stdout
    printf8.o(i.__0vsnprintf$8) refers to printf8.o(i._printf_core) for _printf_core
    printf8.o(i.__0vsnprintf$8) refers to printf8.o(i._snputc) for _snputc
    printf8.o(i.__0vsprintf$8) refers to printf8.o(i._printf_core) for _printf_core
    printf8.o(i.__0vsprintf$8) refers to printf8.o(i._sputc) for _sputc
    printf8.o(i._printf_core) refers to printf8.o(i._printf_pre_padding) for _printf_pre_padding
    printf8.o(i._printf_core) refers to printf8.o(i._printf_post_padding) for _printf_post_padding
    printf8.o(i._printf_core) refers to uldiv.o(.text) for __aeabi_uldivmod
    printfa.o(i.__0fprintf) refers (Special) to iusefp.o(.text) for __I$use$fp
    printfa.o(i.__0fprintf) refers to printfa.o(i._printf_core) for _printf_core
    printfa.o(i.__0fprintf) refers to retarget.o(i.fputc) for fputc
    printfa.o(i.__0printf) refers (Special) to iusefp.o(.text) for __I$use$fp
    printfa.o(i.__0printf) refers to printfa.o(i._printf_core) for _printf_core
    printfa.o(i.__0printf) refers to retarget.o(i.fputc) for fputc
    printfa.o(i.__0printf) refers to retarget.o(.data) for __stdout
    printfa.o(i.__0snprintf) refers (Special) to iusefp.o(.text) for __I$use$fp
    printfa.o(i.__0snprintf) refers to printfa.o(i._printf_core) for _printf_core
    printfa.o(i.__0snprintf) refers to printfa.o(i._snputc) for _snputc
    printfa.o(i.__0sprintf) refers (Special) to iusefp.o(.text) for __I$use$fp
    printfa.o(i.__0sprintf) refers to printfa.o(i._printf_core) for _printf_core
    printfa.o(i.__0sprintf) refers to printfa.o(i._sputc) for _sputc
    printfa.o(i.__0vfprintf) refers (Special) to iusefp.o(.text) for __I$use$fp
    printfa.o(i.__0vfprintf) refers to printfa.o(i._printf_core) for _printf_core
    printfa.o(i.__0vfprintf) refers to retarget.o(i.fputc) for fputc
    printfa.o(i.__0vprintf) refers (Special) to iusefp.o(.text) for __I$use$fp
    printfa.o(i.__0vprintf) refers to printfa.o(i._printf_core) for _printf_core
    printfa.o(i.__0vprintf) refers to retarget.o(i.fputc) for fputc
    printfa.o(i.__0vprintf) refers to retarget.o(.data) for __stdout
    printfa.o(i.__0vsnprintf) refers (Special) to iusefp.o(.text) for __I$use$fp
    printfa.o(i.__0vsnprintf) refers to printfa.o(i._printf_core) for _printf_core
    printfa.o(i.__0vsnprintf) refers to printfa.o(i._snputc) for _snputc
    printfa.o(i.__0vsprintf) refers (Special) to iusefp.o(.text) for __I$use$fp
    printfa.o(i.__0vsprintf) refers to printfa.o(i._printf_core) for _printf_core
    printfa.o(i.__0vsprintf) refers to printfa.o(i._sputc) for _sputc
    printfa.o(i._fp_digits) refers (Special) to iusefp.o(.text) for __I$use$fp
    printfa.o(i._fp_digits) refers to dmul.o(.text) for __aeabi_dmul
    printfa.o(i._fp_digits) refers to ddiv.o(.text) for __aeabi_ddiv
    printfa.o(i._fp_digits) refers to cdrcmple.o(.text) for __aeabi_cdrcmple
    printfa.o(i._fp_digits) refers to dadd.o(.text) for __aeabi_dadd
    printfa.o(i._fp_digits) refers to dfixul.o(.text) for __aeabi_d2ulz
    printfa.o(i._fp_digits) refers to uldiv.o(.text) for __aeabi_uldivmod
    printfa.o(i._printf_core) refers (Special) to iusefp.o(.text) for __I$use$fp
    printfa.o(i._printf_core) refers to printfa.o(i._printf_pre_padding) for _printf_pre_padding
    printfa.o(i._printf_core) refers to uldiv.o(.text) for __aeabi_uldivmod
    printfa.o(i._printf_core) refers to printfa.o(i._printf_post_padding) for _printf_post_padding
    printfa.o(i._printf_core) refers to printfa.o(i._fp_digits) for _fp_digits
    printfa.o(i._printf_core) refers to uidiv.o(.text) for __aeabi_uidivmod
    printfa.o(i._printf_post_padding) refers (Special) to iusefp.o(.text) for __I$use$fp
    printfa.o(i._printf_pre_padding) refers (Special) to iusefp.o(.text) for __I$use$fp
    printfa.o(i._snputc) refers (Special) to iusefp.o(.text) for __I$use$fp
    printfa.o(i._sputc) refers (Special) to iusefp.o(.text) for __I$use$fp
    entry2.o(.ARM.Collect$$$$00000001) refers to entry2.o(.ARM.Collect$$$$00002712) for __lit__00000000
    entry2.o(.ARM.Collect$$$$00002712) refers to startup_nuc100series.o(STACK) for __initial_sp
    entry2.o(__vectab_stack_and_reset_area) refers to startup_nuc100series.o(STACK) for __initial_sp
    entry2.o(__vectab_stack_and_reset_area) refers to entry.o(.ARM.Collect$$$$00000000) for __main
    entry5.o(.ARM.Collect$$$$00000004) refers to init.o(.text) for __scatterload
    entry9a.o(.ARM.Collect$$$$0000000B) refers to main.o(i.main) for main
    entry9b.o(.ARM.Collect$$$$0000000C) refers to main.o(i.main) for main
    uldiv.o(.text) refers to llushr.o(.text) for __aeabi_llsr
    uldiv.o(.text) refers to llshl.o(.text) for __aeabi_llsl
    dadd.o(.text) refers to llshl.o(.text) for __aeabi_llsl
    dadd.o(.text) refers to llsshr.o(.text) for __aeabi_lasr
    dadd.o(.text) refers to depilogue.o(.text) for _double_epilogue
    dmul.o(.text) refers to depilogue.o(.text) for _double_epilogue
    ddiv.o(.text) refers to depilogue.o(.text) for _double_round
    dfixul.o(.text) refers to llushr.o(.text) for __aeabi_llsr
    dfixul.o(.text) refers to llshl.o(.text) for __aeabi_llsl
    init.o(.text) refers to entry5.o(.ARM.Collect$$$$00000004) for __main_after_scatterload
    depilogue.o(.text) refers to depilogue.o(i.__ARM_clz) for __ARM_clz
    depilogue.o(.text) refers to llshl.o(.text) for __aeabi_llsl
    depilogue.o(.text) refers to llushr.o(.text) for __aeabi_llsr


==============================================================================

Removing Unused input sections from the image.

    Removing system_nuc100series.o(.rev16_text), (4 bytes).
    Removing system_nuc100series.o(.revsh_text), (4 bytes).
    Removing startup_nuc100series.o(HEAP), (0 bytes).
    Removing retarget.o(.rev16_text), (4 bytes).
    Removing retarget.o(.revsh_text), (4 bytes).
    Removing retarget.o(i.GetChar), (46 bytes).
    Removing retarget.o(i.IsDebugFifoEmpty), (16 bytes).
    Removing retarget.o(i._sys_exit), (28 bytes).
    Removing retarget.o(i._ttywrch), (8 bytes).
    Removing retarget.o(i.ferror), (6 bytes).
    Removing retarget.o(i.fgetc), (8 bytes).
    Removing retarget.o(i.kbhit), (16 bytes).
    Removing retarget.o(.data), (4 bytes).
    Removing gpio.o(.rev16_text), (4 bytes).
    Removing gpio.o(.revsh_text), (4 bytes).
    Removing gpio.o(i.GPIO_DisableInt), (28 bytes).
    Removing gpio.o(i.GPIO_EnableInt), (26 bytes).
    Removing clk.o(.rev16_text), (4 bytes).
    Removing clk.o(.revsh_text), (4 bytes).
    Removing clk.o(i.CLK_DisableCKO), (16 bytes).
    Removing clk.o(i.CLK_DisableModuleClock), (48 bytes).
    Removing clk.o(i.CLK_DisablePLL), (16 bytes).
    Removing clk.o(i.CLK_DisableXtalRC), (16 bytes).
    Removing clk.o(i.CLK_EnableCKO), (44 bytes).
    Removing clk.o(i.CLK_EnableModuleClock), (48 bytes).
    Removing clk.o(i.CLK_GetCPUFreq), (16 bytes).
    Removing clk.o(i.CLK_GetHCLKFreq), (16 bytes).
    Removing clk.o(i.CLK_GetHXTFreq), (20 bytes).
    Removing clk.o(i.CLK_GetLXTFreq), (24 bytes).
    Removing clk.o(i.CLK_GetPCLKFreq), (16 bytes).
    Removing clk.o(i.CLK_Idle), (32 bytes).
    Removing clk.o(i.CLK_PowerDown), (36 bytes).
    Removing clk.o(i.CLK_SetModuleClock), (204 bytes).
    Removing clk.o(i.CLK_SetSysTickClockSrc), (20 bytes).
    Removing clk.o(.constdata), (56 bytes).
    Removing sys.o(.rev16_text), (4 bytes).
    Removing sys.o(.revsh_text), (4 bytes).
    Removing sys.o(i.SYS_ClearResetSrc), (12 bytes).
    Removing sys.o(i.SYS_DisableBOD), (14 bytes).
    Removing sys.o(i.SYS_EnableBOD), (36 bytes).
    Removing sys.o(i.SYS_GetBODStatus), (12 bytes).
    Removing sys.o(i.SYS_GetResetSrc), (8 bytes).
    Removing sys.o(i.SYS_IsRegLocked), (16 bytes).
    Removing sys.o(i.SYS_ReadPDID), (8 bytes).
    Removing sys.o(i.SYS_ResetCPU), (14 bytes).
    Removing sys.o(i.SYS_ResetChip), (14 bytes).
    Removing sys.o(i.SYS_ResetModule), (26 bytes).
    Removing uart.o(.rev16_text), (4 bytes).
    Removing uart.o(.revsh_text), (4 bytes).
    Removing uart.o(i.CLK_GetPLLClockFreq), (88 bytes).
    Removing uart.o(i.UART_ClearIntFlag), (56 bytes).
    Removing uart.o(i.UART_Close), (6 bytes).
    Removing uart.o(i.UART_DisableFlowCtrl), (12 bytes).
    Removing uart.o(i.UART_DisableInt), (48 bytes).
    Removing uart.o(i.UART_EnableFlowCtrl), (30 bytes).
    Removing uart.o(i.UART_EnableInt), (48 bytes).
    Removing uart.o(i.UART_Open), (136 bytes).
    Removing uart.o(i.UART_Read), (44 bytes).
    Removing uart.o(i.UART_SelectIrDAMode), (132 bytes).
    Removing uart.o(i.UART_SelectLINMode), (24 bytes).
    Removing uart.o(i.UART_SelectRS485Mode), (32 bytes).
    Removing uart.o(i.UART_SetLine_Config), (128 bytes).
    Removing uart.o(i.UART_SetTimeoutCnt), (22 bytes).
    Removing uart.o(i.UART_Write), (44 bytes).
    Removing uart.o(.constdata), (48 bytes).
    Removing main.o(.rev16_text), (4 bytes).
    Removing main.o(.revsh_text), (4 bytes).
    Removing main.o(i.take_a_break), (12 bytes).
    Removing sys_init.o(.rev16_text), (4 bytes).
    Removing sys_init.o(.revsh_text), (4 bytes).
    Removing scankey.o(.rev16_text), (4 bytes).
    Removing scankey.o(.revsh_text), (4 bytes).
    Removing scankey.o(i.OpenKeyPad), (72 bytes).
    Removing scankey.o(i.delay), (14 bytes).
    Removing list.o(.rev16_text), (4 bytes).
    Removing list.o(.revsh_text), (4 bytes).
    Removing queue.o(.rev16_text), (4 bytes).
    Removing queue.o(.revsh_text), (4 bytes).
    Removing queue.o(i.uxQueueMessagesWaiting), (18 bytes).
    Removing queue.o(i.uxQueueMessagesWaitingFromISR), (4 bytes).
    Removing queue.o(i.vQueueDelete), (18 bytes).
    Removing queue.o(i.xQueueGenericSendFromISR), (80 bytes).
    Removing queue.o(i.xQueueGiveMutexRecursive), (42 bytes).
    Removing queue.o(i.xQueueIsQueueEmptyFromISR), (14 bytes).
    Removing queue.o(i.xQueueIsQueueFullFromISR), (16 bytes).
    Removing queue.o(i.xQueueReceiveFromISR), (80 bytes).
    Removing queue.o(i.xQueueTakeMutexRecursive), (50 bytes).
    Removing tasks.o(.rev16_text), (4 bytes).
    Removing tasks.o(.revsh_text), (4 bytes).
    Removing tasks.o(i.uxTaskGetNumberOfTasks), (12 bytes).
    Removing tasks.o(i.uxTaskPriorityGet), (32 bytes).
    Removing tasks.o(i.vTaskDelayUntil), (100 bytes).
    Removing tasks.o(i.vTaskDelete), (100 bytes).
    Removing tasks.o(i.vTaskEndScheduler), (24 bytes).
    Removing tasks.o(i.vTaskPrioritySet), (148 bytes).
    Removing tasks.o(i.vTaskResume), (88 bytes).
    Removing tasks.o(i.vTaskSuspend), (80 bytes).
    Removing tasks.o(i.xTaskGetTickCount), (24 bytes).
    Removing tasks.o(i.xTaskIsTaskSuspended), (36 bytes).
    Removing tasks.o(i.xTaskResumeFromISR), (92 bytes).
    Removing port.o(.rev16_text), (4 bytes).
    Removing port.o(.revsh_text), (4 bytes).
    Removing port.o(i.vPortEndScheduler), (2 bytes).
    Removing heap_2.o(.rev16_text), (4 bytes).
    Removing heap_2.o(.revsh_text), (4 bytes).
    Removing heap_2.o(i.vPortInitialiseBlocks), (2 bytes).
    Removing heap_2.o(i.xPortGetFreeHeapSize), (12 bytes).
    Removing dadd.o(.text), (356 bytes).
    Removing dmul.o(.text), (208 bytes).
    Removing ddiv.o(.text), (240 bytes).
    Removing dfixul.o(.text), (64 bytes).
    Removing cdrcmple.o(.text), (40 bytes).
    Removing depilogue.o(.text), (190 bytes).
    Removing depilogue.o(i.__ARM_clz), (46 bytes).

114 unused section(s) (total 4300 bytes) removed from the image.

==============================================================================

Image Symbol Table

    Local Symbols

    Symbol Name                              Value     Ov Type        Size  Object(Section)

    RESET                                    0x00000000   Section      192  startup_nuc100series.o(RESET)
    ../clib/microlib/division.c              0x00000000   Number         0  uidiv.o ABSOLUTE
    ../clib/microlib/division.c              0x00000000   Number         0  uldiv.o ABSOLUTE
    ../clib/microlib/init/entry.s            0x00000000   Number         0  entry.o ABSOLUTE
    ../clib/microlib/init/entry.s            0x00000000   Number         0  entry8b.o ABSOLUTE
    ../clib/microlib/init/entry.s            0x00000000   Number         0  entry9a.o ABSOLUTE
    ../clib/microlib/init/entry.s            0x00000000   Number         0  entry10b.o ABSOLUTE
    ../clib/microlib/init/entry.s            0x00000000   Number         0  entry10a.o ABSOLUTE
    ../clib/microlib/init/entry.s            0x00000000   Number         0  entry7b.o ABSOLUTE
    ../clib/microlib/init/entry.s            0x00000000   Number         0  entry11b.o ABSOLUTE
    ../clib/microlib/init/entry.s            0x00000000   Number         0  entry11a.o ABSOLUTE
    ../clib/microlib/init/entry.s            0x00000000   Number         0  entry9b.o ABSOLUTE
    ../clib/microlib/init/entry.s            0x00000000   Number         0  entry2.o ABSOLUTE
    ../clib/microlib/init/entry.s            0x00000000   Number         0  entry5.o ABSOLUTE
    ../clib/microlib/init/entry.s            0x00000000   Number         0  entry7a.o ABSOLUTE
    ../clib/microlib/init/entry.s            0x00000000   Number         0  entry8a.o ABSOLUTE
    ../clib/microlib/longlong.c              0x00000000   Number         0  llsshr.o ABSOLUTE
    ../clib/microlib/longlong.c              0x00000000   Number         0  llushr.o ABSOLUTE
    ../clib/microlib/longlong.c              0x00000000   Number         0  llshl.o ABSOLUTE
    ../clib/microlib/printf/printf.c         0x00000000   Number         0  printf6.o ABSOLUTE
    ../clib/microlib/printf/printf.c         0x00000000   Number         0  printf5.o ABSOLUTE
    ../clib/microlib/printf/printf.c         0x00000000   Number         0  printf4.o ABSOLUTE
    ../clib/microlib/printf/printf.c         0x00000000   Number         0  printf3.o ABSOLUTE
    ../clib/microlib/printf/printf.c         0x00000000   Number         0  printf1.o ABSOLUTE
    ../clib/microlib/printf/printf.c         0x00000000   Number         0  printf0.o ABSOLUTE
    ../clib/microlib/printf/printf.c         0x00000000   Number         0  printfb.o ABSOLUTE
    ../clib/microlib/printf/printf.c         0x00000000   Number         0  printf2.o ABSOLUTE
    ../clib/microlib/printf/printf.c         0x00000000   Number         0  printf8.o ABSOLUTE
    ../clib/microlib/printf/printf.c         0x00000000   Number         0  printfa.o ABSOLUTE
    ../clib/microlib/printf/printf.c         0x00000000   Number         0  printf7.o ABSOLUTE
    ../clib/microlib/printf/stubs.s          0x00000000   Number         0  stubs.o ABSOLUTE
    ../clib/microlib/string/memcpy.c         0x00000000   Number         0  memcpya.o ABSOLUTE
    ../clib/microlib/string/memcpy.c         0x00000000   Number         0  memcpyb.o ABSOLUTE
    ../clib/microlib/string/memset.c         0x00000000   Number         0  memseta.o ABSOLUTE
    ../clib/microlib/string/strncpy.c        0x00000000   Number         0  strncpy.o ABSOLUTE
    ../clib/microlib/stubs.s                 0x00000000   Number         0  iusefp.o ABSOLUTE
    ../fplib/microlib/fpadd.c                0x00000000   Number         0  dadd.o ABSOLUTE
    ../fplib/microlib/fpdiv.c                0x00000000   Number         0  ddiv.o ABSOLUTE
    ../fplib/microlib/fpepilogue.c           0x00000000   Number         0  depilogue.o ABSOLUTE
    ../fplib/microlib/fpfix.c                0x00000000   Number         0  dfixul.o ABSOLUTE
    ../fplib/microlib/fpmul.c                0x00000000   Number         0  dmul.o ABSOLUTE
    ..\..\..\..\Library\Device\Nuvoton\NUC100Series\Source\ARM\startup_NUC100Series.s 0x00000000   Number         0  startup_nuc100series.o ABSOLUTE
    ..\..\..\..\Library\Device\Nuvoton\NUC100Series\Source\system_NUC100Series.c 0x00000000   Number         0  system_nuc100series.o ABSOLUTE
    ..\..\..\..\Library\NuMakerLib\Source\SYS_init.c 0x00000000   Number         0  sys_init.o ABSOLUTE
    ..\..\..\..\Library\StdDriver\src\clk.c  0x00000000   Number         0  clk.o ABSOLUTE
    ..\..\..\..\Library\StdDriver\src\gpio.c 0x00000000   Number         0  gpio.o ABSOLUTE
    ..\..\..\..\Library\StdDriver\src\retarget.c 0x00000000   Number         0  retarget.o ABSOLUTE
    ..\..\..\..\Library\StdDriver\src\sys.c  0x00000000   Number         0  sys.o ABSOLUTE
    ..\..\..\..\Library\StdDriver\src\uart.c 0x00000000   Number         0  uart.o ABSOLUTE
    ..\..\..\Source\list.c                   0x00000000   Number         0  list.o ABSOLUTE
    ..\..\..\Source\portable\MemMang\heap_2.c 0x00000000   Number         0  heap_2.o ABSOLUTE
    ..\..\..\Source\portable\RVDS\ARM_CM0\port.c 0x00000000   Number         0  port.o ABSOLUTE
    ..\..\..\Source\queue.c                  0x00000000   Number         0  queue.o ABSOLUTE
    ..\..\..\Source\tasks.c                  0x00000000   Number         0  tasks.o ABSOLUTE
    ..\Scankey.c                             0x00000000   Number         0  scankey.o ABSOLUTE
    ..\\..\\..\\..\\Library\\Device\\Nuvoton\\NUC100Series\\Source\\system_NUC100Series.c 0x00000000   Number         0  system_nuc100series.o ABSOLUTE
    ..\\..\\..\\..\\Library\\NuMakerLib\\Source\\SYS_init.c 0x00000000   Number         0  sys_init.o ABSOLUTE
    ..\\..\\..\\..\\Library\\StdDriver\\src\\clk.c 0x00000000   Number         0  clk.o ABSOLUTE
    ..\\..\\..\\..\\Library\\StdDriver\\src\\gpio.c 0x00000000   Number         0  gpio.o ABSOLUTE
    ..\\..\\..\\..\\Library\\StdDriver\\src\\retarget.c 0x00000000   Number         0  retarget.o ABSOLUTE
    ..\\..\\..\\..\\Library\\StdDriver\\src\\sys.c 0x00000000   Number         0  sys.o ABSOLUTE
    ..\\..\\..\\..\\Library\\StdDriver\\src\\uart.c 0x00000000   Number         0  uart.o ABSOLUTE
    ..\\..\\..\\Source\\list.c               0x00000000   Number         0  list.o ABSOLUTE
    ..\\..\\..\\Source\\portable\\MemMang\\heap_2.c 0x00000000   Number         0  heap_2.o ABSOLUTE
    ..\\..\\..\\Source\\portable\\RVDS\\ARM_CM0\\port.c 0x00000000   Number         0  port.o ABSOLUTE
    ..\\..\\..\\Source\\queue.c              0x00000000   Number         0  queue.o ABSOLUTE
    ..\\..\\..\\Source\\tasks.c              0x00000000   Number         0  tasks.o ABSOLUTE
    ..\\Scankey.c                            0x00000000   Number         0  scankey.o ABSOLUTE
    ..\\main.c                               0x00000000   Number         0  main.o ABSOLUTE
    ..\main.c                                0x00000000   Number         0  main.o ABSOLUTE
    cdrcmple.s                               0x00000000   Number         0  cdrcmple.o ABSOLUTE
    handlers.s                               0x00000000   Number         0  handlers.o ABSOLUTE
    init.s                                   0x00000000   Number         0  init.o ABSOLUTE
    .ARM.Collect$$$$00000000                 0x000000c0   Section        0  entry.o(.ARM.Collect$$$$00000000)
    .ARM.Collect$$$$00000001                 0x000000c0   Section        4  entry2.o(.ARM.Collect$$$$00000001)
    .ARM.Collect$$$$00000004                 0x000000c4   Section        4  entry5.o(.ARM.Collect$$$$00000004)
    .ARM.Collect$$$$00000008                 0x000000c8   Section        0  entry7b.o(.ARM.Collect$$$$00000008)
    .ARM.Collect$$$$0000000A                 0x000000c8   Section        0  entry8b.o(.ARM.Collect$$$$0000000A)
    .ARM.Collect$$$$0000000B                 0x000000c8   Section        8  entry9a.o(.ARM.Collect$$$$0000000B)
    .ARM.Collect$$$$0000000D                 0x000000d0   Section        0  entry10a.o(.ARM.Collect$$$$0000000D)
    .ARM.Collect$$$$0000000F                 0x000000d0   Section        0  entry11a.o(.ARM.Collect$$$$0000000F)
    .ARM.Collect$$$$00002712                 0x000000d0   Section        4  entry2.o(.ARM.Collect$$$$00002712)
    __lit__00000000                          0x000000d0   Data           4  entry2.o(.ARM.Collect$$$$00002712)
    .emb_text                                0x000000d4   Section       86  retarget.o(.emb_text)
    .emb_text                                0x0000012c   Section      144  port.o(.emb_text)
    .text                                    0x000001bc   Section       76  startup_nuc100series.o(.text)
    Default_Handler                          0x000001e7   Thumb Code     2  startup_nuc100series.o(.text)
    .text                                    0x00000208   Section        0  uidiv.o(.text)
    .text                                    0x00000234   Section        0  memcpya.o(.text)
    .text                                    0x00000258   Section        0  memseta.o(.text)
    .text                                    0x0000027c   Section        0  strncpy.o(.text)
    .text                                    0x00000296   Section        0  uldiv.o(.text)
    .text                                    0x000002f8   Section       36  init.o(.text)
    .text                                    0x0000031c   Section        0  llshl.o(.text)
    .text                                    0x0000033c   Section        0  llushr.o(.text)
    i.CLK_EnablePLL                          0x00000360   Section        0  clk.o(i.CLK_EnablePLL)
    i.CLK_EnableXtalRC                       0x000004f8   Section        0  clk.o(i.CLK_EnableXtalRC)
    i.CLK_SetCoreClock                       0x00000508   Section        0  clk.o(i.CLK_SetCoreClock)
    i.CLK_SetHCLK                            0x00000580   Section        0  clk.o(i.CLK_SetHCLK)
    i.CLK_WaitClockReady                     0x000005c8   Section        0  clk.o(i.CLK_WaitClockReady)
    i.GPIO_Init                              0x000005f4   Section        0  main.o(i.GPIO_Init)
    i.GPIO_SetMode                           0x00000628   Section        0  gpio.o(i.GPIO_SetMode)
    i.Hard_Fault_Handler                     0x00000650   Section        0  retarget.o(i.Hard_Fault_Handler)
    __tagsym$$used                           0x00000651   Number         0  retarget.o(i.Hard_Fault_Handler)
    i.SYS_Init                               0x00000678   Section        0  sys_init.o(i.SYS_Init)
    i.ScanKey                                0x000006b0   Section        0  scankey.o(i.ScanKey)
    i.ScanKey_protected                      0x0000073c   Section        0  main.o(i.ScanKey_protected)
    i.SendChar                               0x00000768   Section        0  retarget.o(i.SendChar)
    i.SendChar_ToUART                        0x000007b8   Section        0  retarget.o(i.SendChar_ToUART)
    i.SysTick_Handler                        0x000007d8   Section        0  port.o(i.SysTick_Handler)
    i.SystemCoreClockUpdate                  0x000007f4   Section        0  system_nuc100series.o(i.SystemCoreClockUpdate)
    i.SystemInit                             0x00000884   Section        0  system_nuc100series.o(i.SystemInit)
    i.__0printf$5                            0x00000888   Section        0  printf5.o(i.__0printf$5)
    i.__scatterload_copy                     0x000008a8   Section       14  handlers.o(i.__scatterload_copy)
    i.__scatterload_null                     0x000008b6   Section        2  handlers.o(i.__scatterload_null)
    i.__scatterload_zeroinit                 0x000008b8   Section       14  handlers.o(i.__scatterload_zeroinit)
    i._printf_core                           0x000008c8   Section        0  printf5.o(i._printf_core)
    _printf_core                             0x000008c9   Thumb Code   688  printf5.o(i._printf_core)
    i.fputc                                  0x00000ba4   Section        0  retarget.o(i.fputc)
    i.hungry                                 0x00000bb0   Section        0  main.o(i.hungry)
    i.main                                   0x00000bd0   Section        0  main.o(i.main)
    i.philosopher_A                          0x00000c6c   Section        0  main.o(i.philosopher_A)
    philosopher_A                            0x00000c6d   Thumb Code    16  main.o(i.philosopher_A)
    i.philosopher_B                          0x00000c7c   Section        0  main.o(i.philosopher_B)
    philosopher_B                            0x00000c7d   Thumb Code    16  main.o(i.philosopher_B)
    i.philosopher_C                          0x00000c8c   Section        0  main.o(i.philosopher_C)
    philosopher_C                            0x00000c8d   Thumb Code    16  main.o(i.philosopher_C)
    i.philosopher_D                          0x00000c9c   Section        0  main.o(i.philosopher_D)
    philosopher_D                            0x00000c9d   Thumb Code    16  main.o(i.philosopher_D)
    i.prvCheckTasksWaitingTermination        0x00000cac   Section        0  tasks.o(i.prvCheckTasksWaitingTermination)
    prvCheckTasksWaitingTermination          0x00000cad   Thumb Code    90  tasks.o(i.prvCheckTasksWaitingTermination)
    i.prvCopyDataFromQueue                   0x00000d10   Section        0  queue.o(i.prvCopyDataFromQueue)
    prvCopyDataFromQueue                     0x00000d11   Thumb Code    36  queue.o(i.prvCopyDataFromQueue)
    i.prvCopyDataToQueue                     0x00000d34   Section        0  queue.o(i.prvCopyDataToQueue)
    prvCopyDataToQueue                       0x00000d35   Thumb Code    94  queue.o(i.prvCopyDataToQueue)
    i.prvIdleTask                            0x00000d94   Section        0  tasks.o(i.prvIdleTask)
    prvIdleTask                              0x00000d95   Thumb Code    18  tasks.o(i.prvIdleTask)
    i.prvUnlockQueue                         0x00000dac   Section        0  queue.o(i.prvUnlockQueue)
    prvUnlockQueue                           0x00000dad   Thumb Code   106  queue.o(i.prvUnlockQueue)
    i.pvPortMalloc                           0x00000e18   Section        0  heap_2.o(i.pvPortMalloc)
    i.pxPortInitialiseStack                  0x00000ec8   Section        0  port.o(i.pxPortInitialiseStack)
    i.stackDump                              0x00000ee4   Section        0  retarget.o(i.stackDump)
    stackDump                                0x00000ee5   Thumb Code    70  retarget.o(i.stackDump)
    i.vListInitialise                        0x00000f8c   Section        0  list.o(i.vListInitialise)
    i.vListInitialiseItem                    0x00000fa2   Section        0  list.o(i.vListInitialiseItem)
    i.vListInsert                            0x00000fa8   Section        0  list.o(i.vListInsert)
    i.vListInsertEnd                         0x00000fd8   Section        0  list.o(i.vListInsertEnd)
    i.vListRemove                            0x00000ff4   Section        0  list.o(i.vListRemove)
    i.vPortEnterCritical                     0x00001018   Section        0  port.o(i.vPortEnterCritical)
    i.vPortExitCritical                      0x0000102c   Section        0  port.o(i.vPortExitCritical)
    i.vPortFree                              0x00001044   Section        0  heap_2.o(i.vPortFree)
    i.vPortYieldFromISR                      0x0000107c   Section        0  port.o(i.vPortYieldFromISR)
    i.vTaskDelay                             0x0000108c   Section        0  tasks.o(i.vTaskDelay)
    i.vTaskIncrementTick                     0x000010d0   Section        0  tasks.o(i.vTaskIncrementTick)
    i.vTaskMissedYield                       0x00001154   Section        0  tasks.o(i.vTaskMissedYield)
    i.vTaskPlaceOnEventList                  0x00001160   Section        0  tasks.o(i.vTaskPlaceOnEventList)
    i.vTaskPriorityDisinherit                0x000011ac   Section        0  tasks.o(i.vTaskPriorityDisinherit)
    i.vTaskPriorityInherit                   0x000011f0   Section        0  tasks.o(i.vTaskPriorityInherit)
    i.vTaskSetTimeOutState                   0x0000124c   Section        0  tasks.o(i.vTaskSetTimeOutState)
    i.vTaskStartScheduler                    0x0000125c   Section        0  tasks.o(i.vTaskStartScheduler)
    i.vTaskSuspendAll                        0x0000129c   Section        0  tasks.o(i.vTaskSuspendAll)
    i.vTaskSwitchContext                     0x000012ac   Section        0  tasks.o(i.vTaskSwitchContext)
    i.xPortStartScheduler                    0x000012f4   Section        0  port.o(i.xPortStartScheduler)
    i.xQueueCreate                           0x00001334   Section        0  queue.o(i.xQueueCreate)
    i.xQueueCreateCountingSemaphore          0x00001392   Section        0  queue.o(i.xQueueCreateCountingSemaphore)
    i.xQueueCreateMutex                      0x000013a4   Section        0  queue.o(i.xQueueCreateMutex)
    i.xQueueGenericReceive                   0x000013e8   Section        0  queue.o(i.xQueueGenericReceive)
    i.xQueueGenericSend                      0x00001500   Section        0  queue.o(i.xQueueGenericSend)
    i.xTaskCheckForTimeOut                   0x000015d8   Section        0  tasks.o(i.xTaskCheckForTimeOut)
    i.xTaskGenericCreate                     0x00001624   Section        0  tasks.o(i.xTaskGenericCreate)
    i.xTaskGetCurrentTaskHandle              0x00001780   Section        0  tasks.o(i.xTaskGetCurrentTaskHandle)
    i.xTaskRemoveFromEventList               0x0000178c   Section        0  tasks.o(i.xTaskRemoveFromEventList)
    i.xTaskResumeAll                         0x000017f0   Section        0  tasks.o(i.xTaskResumeAll)
    .data                                    0x20000000   Section       44  system_nuc100series.o(.data)
    .data                                    0x2000002c   Section        1  retarget.o(.data)
    g_buf_len                                0x2000002c   Data           1  retarget.o(.data)
    .data                                    0x20000030   Section        4  retarget.o(.data)
    .data                                    0x20000034   Section        4  main.o(.data)
    .data                                    0x20000038   Section       56  tasks.o(.data)
    uxTasksDeleted                           0x2000003c   Data           4  tasks.o(.data)
    uxCurrentNumberOfTasks                   0x20000040   Data           4  tasks.o(.data)
    xTickCount                               0x20000044   Data           4  tasks.o(.data)
    uxTopUsedPriority                        0x20000048   Data           4  tasks.o(.data)
    uxTopReadyPriority                       0x2000004c   Data           4  tasks.o(.data)
    xSchedulerRunning                        0x20000050   Data           4  tasks.o(.data)
    uxSchedulerSuspended                     0x20000054   Data           4  tasks.o(.data)
    uxMissedTicks                            0x20000058   Data           4  tasks.o(.data)
    xMissedYield                             0x2000005c   Data           4  tasks.o(.data)
    xNumOfOverflows                          0x20000060   Data           4  tasks.o(.data)
    uxTaskNumber                             0x20000064   Data           4  tasks.o(.data)
    pxDelayedTaskList                        0x20000068   Data           4  tasks.o(.data)
    pxOverflowDelayedTaskList                0x2000006c   Data           4  tasks.o(.data)
    .data                                    0x20000070   Section        4  port.o(.data)
    uxCriticalNesting                        0x20000070   Data           4  port.o(.data)
    .data                                    0x20000074   Section       24  heap_2.o(.data)
    xFreeBytesRemaining                      0x20000074   Data           4  heap_2.o(.data)
    xHeapHasBeenInitialised                  0x20000078   Data           4  heap_2.o(.data)
    xStart                                   0x2000007c   Data           8  heap_2.o(.data)
    xEnd                                     0x20000084   Data           8  heap_2.o(.data)
    .bss                                     0x2000008c   Section       16  retarget.o(.bss)
    g_buf                                    0x2000008c   Data          16  retarget.o(.bss)
    .bss                                     0x2000009c   Section       16  main.o(.bss)
    .bss                                     0x200000ac   Section      220  tasks.o(.bss)
    pxReadyTasksLists                        0x200000ac   Data         120  tasks.o(.bss)
    xDelayedTaskList1                        0x20000124   Data          20  tasks.o(.bss)
    xDelayedTaskList2                        0x20000138   Data          20  tasks.o(.bss)
    xPendingReadyList                        0x2000014c   Data          20  tasks.o(.bss)
    xTasksWaitingTermination                 0x20000160   Data          20  tasks.o(.bss)
    xSuspendedTaskList                       0x20000174   Data          20  tasks.o(.bss)
    .bss                                     0x20000188   Section    13312  heap_2.o(.bss)
    xHeap                                    0x20000188   Data       13312  heap_2.o(.bss)
    STACK                                    0x20003588   Section     1024  startup_nuc100series.o(STACK)

    Global Symbols

    Symbol Name                              Value     Ov Type        Size  Object(Section)

    BuildAttributes$$THM_ISAv3M$S$PE$A:L22$X:L11$S22$IEEE1$IW$USESV6$~STKCKD$USESV7$~SHL$OSPACE$ROPI$EBA8$MICROLIB$REQ8$PRES8$EABIv2 0x00000000   Number         0  anon$$obj.o ABSOLUTE
    __ARM_use_no_argv                        0x00000000   Number         0  main.o ABSOLUTE
    __Vectors                                0x00000000   Data           4  startup_nuc100series.o(RESET)
    _printf_a                                0x00000000   Number         0  stubs.o ABSOLUTE
    _printf_c                                0x00000000   Number         0  stubs.o ABSOLUTE
    _printf_charcount                        0x00000000   Number         0  stubs.o ABSOLUTE
    _printf_d                                0x00000000   Number         0  stubs.o ABSOLUTE
    _printf_e                                0x00000000   Number         0  stubs.o ABSOLUTE
    _printf_f                                0x00000000   Number         0  stubs.o ABSOLUTE
    _printf_flags                            0x00000000   Number         0  stubs.o ABSOLUTE
    _printf_fp_dec                           0x00000000   Number         0  stubs.o ABSOLUTE
    _printf_fp_hex                           0x00000000   Number         0  stubs.o ABSOLUTE
    _printf_g                                0x00000000   Number         0  stubs.o ABSOLUTE
    _printf_i                                0x00000000   Number         0  stubs.o ABSOLUTE
    _printf_int_dec                          0x00000000   Number         0  stubs.o ABSOLUTE
    _printf_l                                0x00000000   Number         0  stubs.o ABSOLUTE
    _printf_lc                               0x00000000   Number         0  stubs.o ABSOLUTE
    _printf_ll                               0x00000000   Number         0  stubs.o ABSOLUTE
    _printf_lld                              0x00000000   Number         0  stubs.o ABSOLUTE
    _printf_lli                              0x00000000   Number         0  stubs.o ABSOLUTE
    _printf_llo                              0x00000000   Number         0  stubs.o ABSOLUTE
    _printf_llu                              0x00000000   Number         0  stubs.o ABSOLUTE
    _printf_llx                              0x00000000   Number         0  stubs.o ABSOLUTE
    _printf_longlong_dec                     0x00000000   Number         0  stubs.o ABSOLUTE
    _printf_longlong_hex                     0x00000000   Number         0  stubs.o ABSOLUTE
    _printf_longlong_oct                     0x00000000   Number         0  stubs.o ABSOLUTE
    _printf_ls                               0x00000000   Number         0  stubs.o ABSOLUTE
    _printf_mbtowc                           0x00000000   Number         0  stubs.o ABSOLUTE
    _printf_n                                0x00000000   Number         0  stubs.o ABSOLUTE
    _printf_o                                0x00000000   Number         0  stubs.o ABSOLUTE
    _printf_p                                0x00000000   Number         0  stubs.o ABSOLUTE
    _printf_percent                          0x00000000   Number         0  stubs.o ABSOLUTE
    _printf_pre_padding                      0x00000000   Number         0  stubs.o ABSOLUTE
    _printf_return_value                     0x00000000   Number         0  stubs.o ABSOLUTE
    _printf_s                                0x00000000   Number         0  stubs.o ABSOLUTE
    _printf_sizespec                         0x00000000   Number         0  stubs.o ABSOLUTE
    _printf_str                              0x00000000   Number         0  stubs.o ABSOLUTE
    _printf_truncate_signed                  0x00000000   Number         0  stubs.o ABSOLUTE
    _printf_truncate_unsigned                0x00000000   Number         0  stubs.o ABSOLUTE
    _printf_u                                0x00000000   Number         0  stubs.o ABSOLUTE
    _printf_wc                               0x00000000   Number         0  stubs.o ABSOLUTE
    _printf_wctomb                           0x00000000   Number         0  stubs.o ABSOLUTE
    _printf_widthprec                        0x00000000   Number         0  stubs.o ABSOLUTE
    _printf_x                                0x00000000   Number         0  stubs.o ABSOLUTE
    __cpp_initialize__aeabi_                  - Undefined Weak Reference
    __cxa_finalize                            - Undefined Weak Reference
    __decompress                              - Undefined Weak Reference
    _clock_init                               - Undefined Weak Reference
    _microlib_exit                            - Undefined Weak Reference
    __main                                   0x000000c1   Thumb Code     0  entry.o(.ARM.Collect$$$$00000000)
    _main_stk                                0x000000c1   Thumb Code     0  entry2.o(.ARM.Collect$$$$00000001)
    _main_scatterload                        0x000000c5   Thumb Code     0  entry5.o(.ARM.Collect$$$$00000004)
    __main_after_scatterload                 0x000000c9   Thumb Code     0  entry5.o(.ARM.Collect$$$$00000004)
    _main_clock                              0x000000c9   Thumb Code     0  entry7b.o(.ARM.Collect$$$$00000008)
    _main_cpp_init                           0x000000c9   Thumb Code     0  entry8b.o(.ARM.Collect$$$$0000000A)
    _main_init                               0x000000c9   Thumb Code     0  entry9a.o(.ARM.Collect$$$$0000000B)
    __rt_final_cpp                           0x000000d1   Thumb Code     0  entry10a.o(.ARM.Collect$$$$0000000D)
    __rt_final_exit                          0x000000d1   Thumb Code     0  entry11a.o(.ARM.Collect$$$$0000000F)
    HardFault_Handler                        0x000000d5   Thumb Code    60  retarget.o(.emb_text)
    SH_DoCommand                             0x00000119   Thumb Code    18  retarget.o(.emb_text)
    vPortStartFirstTask                      0x0000012d   Thumb Code    56  port.o(.emb_text)
    PendSV_Handler                           0x00000169   Thumb Code    72  port.o(.emb_text)
    vPortSetInterruptMask                    0x000001b5   Thumb Code     4  port.o(.emb_text)
    vPortClearInterruptMask                  0x000001b9   Thumb Code     4  port.o(.emb_text)
    Reset_Handler                            0x000001bd   Thumb Code    32  startup_nuc100series.o(.text)
    NMI_Handler                              0x000001dd   Thumb Code     2  startup_nuc100series.o(.text)
    SVC_Handler                              0x000001e1   Thumb Code     2  startup_nuc100series.o(.text)
    ACMP_IRQHandler                          0x000001e7   Thumb Code     0  startup_nuc100series.o(.text)
    ADC_IRQHandler                           0x000001e7   Thumb Code     0  startup_nuc100series.o(.text)
    BOD_IRQHandler                           0x000001e7   Thumb Code     0  startup_nuc100series.o(.text)
    CAN0_IRQHandler                          0x000001e7   Thumb Code     0  startup_nuc100series.o(.text)
    CAN1_IRQHandler                          0x000001e7   Thumb Code     0  startup_nuc100series.o(.text)
    EINT0_IRQHandler                         0x000001e7   Thumb Code     0  startup_nuc100series.o(.text)
    EINT1_IRQHandler                         0x000001e7   Thumb Code     0  startup_nuc100series.o(.text)
    GPAB_IRQHandler                          0x000001e7   Thumb Code     0  startup_nuc100series.o(.text)
    GPCDEF_IRQHandler                        0x000001e7   Thumb Code     0  startup_nuc100series.o(.text)
    I2C0_IRQHandler                          0x000001e7   Thumb Code     0  startup_nuc100series.o(.text)
    I2C1_IRQHandler                          0x000001e7   Thumb Code     0  startup_nuc100series.o(.text)
    I2S_IRQHandler                           0x000001e7   Thumb Code     0  startup_nuc100series.o(.text)
    PDMA_IRQHandler                          0x000001e7   Thumb Code     0  startup_nuc100series.o(.text)
    PS2_IRQHandler                           0x000001e7   Thumb Code     0  startup_nuc100series.o(.text)
    PWMA_IRQHandler                          0x000001e7   Thumb Code     0  startup_nuc100series.o(.text)
    PWMB_IRQHandler                          0x000001e7   Thumb Code     0  startup_nuc100series.o(.text)
    PWRWU_IRQHandler                         0x000001e7   Thumb Code     0  startup_nuc100series.o(.text)
    RTC_IRQHandler                           0x000001e7   Thumb Code     0  startup_nuc100series.o(.text)
    SC012_IRQHandler                         0x000001e7   Thumb Code     0  startup_nuc100series.o(.text)
    SPI0_IRQHandler                          0x000001e7   Thumb Code     0  startup_nuc100series.o(.text)
    SPI1_IRQHandler                          0x000001e7   Thumb Code     0  startup_nuc100series.o(.text)
    SPI2_IRQHandler                          0x000001e7   Thumb Code     0  startup_nuc100series.o(.text)
    SPI3_IRQHandler                          0x000001e7   Thumb Code     0  startup_nuc100series.o(.text)
    TMR0_IRQHandler                          0x000001e7   Thumb Code     0  startup_nuc100series.o(.text)
    TMR1_IRQHandler                          0x000001e7   Thumb Code     0  startup_nuc100series.o(.text)
    TMR2_IRQHandler                          0x000001e7   Thumb Code     0  startup_nuc100series.o(.text)
    TMR3_IRQHandler                          0x000001e7   Thumb Code     0  startup_nuc100series.o(.text)
    UART02_IRQHandler                        0x000001e7   Thumb Code     0  startup_nuc100series.o(.text)
    UART1_IRQHandler                         0x000001e7   Thumb Code     0  startup_nuc100series.o(.text)
    USBD_IRQHandler                          0x000001e7   Thumb Code     0  startup_nuc100series.o(.text)
    WDT_IRQHandler                           0x000001e7   Thumb Code     0  startup_nuc100series.o(.text)
    __aeabi_uidiv                            0x00000209   Thumb Code     0  uidiv.o(.text)
    __aeabi_uidivmod                         0x00000209   Thumb Code    44  uidiv.o(.text)
    __aeabi_memcpy                           0x00000235   Thumb Code    36  memcpya.o(.text)
    __aeabi_memcpy4                          0x00000235   Thumb Code     0  memcpya.o(.text)
    __aeabi_memcpy8                          0x00000235   Thumb Code     0  memcpya.o(.text)
    __aeabi_memset                           0x00000259   Thumb Code    14  memseta.o(.text)
    __aeabi_memset4                          0x00000259   Thumb Code     0  memseta.o(.text)
    __aeabi_memset8                          0x00000259   Thumb Code     0  memseta.o(.text)
    __aeabi_memclr                           0x00000267   Thumb Code     4  memseta.o(.text)
    __aeabi_memclr4                          0x00000267   Thumb Code     0  memseta.o(.text)
    __aeabi_memclr8                          0x00000267   Thumb Code     0  memseta.o(.text)
    _memset$wrapper                          0x0000026b   Thumb Code    18  memseta.o(.text)
    strncpy                                  0x0000027d   Thumb Code    26  strncpy.o(.text)
    __aeabi_uldivmod                         0x00000297   Thumb Code    96  uldiv.o(.text)
    __scatterload                            0x000002f9   Thumb Code    28  init.o(.text)
    __scatterload_rt2                        0x000002f9   Thumb Code     0  init.o(.text)
    __aeabi_llsl                             0x0000031d   Thumb Code    32  llshl.o(.text)
    _ll_shift_l                              0x0000031d   Thumb Code     0  llshl.o(.text)
    __aeabi_llsr                             0x0000033d   Thumb Code    34  llushr.o(.text)
    _ll_ushift_r                             0x0000033d   Thumb Code     0  llushr.o(.text)
    CLK_EnablePLL                            0x00000361   Thumb Code   348  clk.o(i.CLK_EnablePLL)
    CLK_EnableXtalRC                         0x000004f9   Thumb Code    10  clk.o(i.CLK_EnableXtalRC)
    CLK_SetCoreClock                         0x00000509   Thumb Code   112  clk.o(i.CLK_SetCoreClock)
    CLK_SetHCLK                              0x00000581   Thumb Code    66  clk.o(i.CLK_SetHCLK)
    CLK_WaitClockReady                       0x000005c9   Thumb Code    34  clk.o(i.CLK_WaitClockReady)
    GPIO_Init                                0x000005f5   Thumb Code    46  main.o(i.GPIO_Init)
    GPIO_SetMode                             0x00000629   Thumb Code    40  gpio.o(i.GPIO_SetMode)
    Hard_Fault_Handler                       0x00000651   Thumb Code    16  retarget.o(i.Hard_Fault_Handler)
    SYS_Init                                 0x00000679   Thumb Code    48  sys_init.o(i.SYS_Init)
    ScanKey                                  0x000006b1   Thumb Code   136  scankey.o(i.ScanKey)
    ScanKey_protected                        0x0000073d   Thumb Code    38  main.o(i.ScanKey_protected)
    SendChar                                 0x00000769   Thumb Code    70  retarget.o(i.SendChar)
    SendChar_ToUART                          0x000007b9   Thumb Code    26  retarget.o(i.SendChar_ToUART)
    SysTick_Handler                          0x000007d9   Thumb Code    24  port.o(i.SysTick_Handler)
    SystemCoreClockUpdate                    0x000007f5   Thumb Code   118  system_nuc100series.o(i.SystemCoreClockUpdate)
    SystemInit                               0x00000885   Thumb Code     2  system_nuc100series.o(i.SystemInit)
    __0printf$5                              0x00000889   Thumb Code    24  printf5.o(i.__0printf$5)
    __1printf$5                              0x00000889   Thumb Code     0  printf5.o(i.__0printf$5)
    __2printf                                0x00000889   Thumb Code     0  printf5.o(i.__0printf$5)
    __scatterload_copy                       0x000008a9   Thumb Code    14  handlers.o(i.__scatterload_copy)
    __scatterload_null                       0x000008b7   Thumb Code     2  handlers.o(i.__scatterload_null)
    __scatterload_zeroinit                   0x000008b9   Thumb Code    14  handlers.o(i.__scatterload_zeroinit)
    fputc                                    0x00000ba5   Thumb Code    12  retarget.o(i.fputc)
    hungry                                   0x00000bb1   Thumb Code    26  main.o(i.hungry)
    main                                     0x00000bd1   Thumb Code   130  main.o(i.main)
    pvPortMalloc                             0x00000e19   Thumb Code   164  heap_2.o(i.pvPortMalloc)
    pxPortInitialiseStack                    0x00000ec9   Thumb Code    28  port.o(i.pxPortInitialiseStack)
    vListInitialise                          0x00000f8d   Thumb Code    22  list.o(i.vListInitialise)
    vListInitialiseItem                      0x00000fa3   Thumb Code     6  list.o(i.vListInitialiseItem)
    vListInsert                              0x00000fa9   Thumb Code    48  list.o(i.vListInsert)
    vListInsertEnd                           0x00000fd9   Thumb Code    28  list.o(i.vListInsertEnd)
    vListRemove                              0x00000ff5   Thumb Code    36  list.o(i.vListRemove)
    vPortEnterCritical                       0x00001019   Thumb Code    16  port.o(i.vPortEnterCritical)
    vPortExitCritical                        0x0000102d   Thumb Code    18  port.o(i.vPortExitCritical)
    vPortFree                                0x00001045   Thumb Code    52  heap_2.o(i.vPortFree)
    vPortYieldFromISR                        0x0000107d   Thumb Code    10  port.o(i.vPortYieldFromISR)
    vTaskDelay                               0x0000108d   Thumb Code    62  tasks.o(i.vTaskDelay)
    vTaskIncrementTick                       0x000010d1   Thumb Code   122  tasks.o(i.vTaskIncrementTick)
    vTaskMissedYield                         0x00001155   Thumb Code     8  tasks.o(i.vTaskMissedYield)
    vTaskPlaceOnEventList                    0x00001161   Thumb Code    68  tasks.o(i.vTaskPlaceOnEventList)
    vTaskPriorityDisinherit                  0x000011ad   Thumb Code    58  tasks.o(i.vTaskPriorityDisinherit)
    vTaskPriorityInherit                     0x000011f1   Thumb Code    84  tasks.o(i.vTaskPriorityInherit)
    vTaskSetTimeOutState                     0x0000124d   Thumb Code    12  tasks.o(i.vTaskSetTimeOutState)
    vTaskStartScheduler                      0x0000125d   Thumb Code    46  tasks.o(i.vTaskStartScheduler)
    vTaskSuspendAll                          0x0000129d   Thumb Code    10  tasks.o(i.vTaskSuspendAll)
    vTaskSwitchContext                       0x000012ad   Thumb Code    62  tasks.o(i.vTaskSwitchContext)
    xPortStartScheduler                      0x000012f5   Thumb Code    46  port.o(i.xPortStartScheduler)
    xQueueCreate                             0x00001335   Thumb Code    94  queue.o(i.xQueueCreate)
    xQueueCreateCountingSemaphore            0x00001393   Thumb Code    18  queue.o(i.xQueueCreateCountingSemaphore)
    xQueueCreateMutex                        0x000013a5   Thumb Code    68  queue.o(i.xQueueCreateMutex)
    xQueueGenericReceive                     0x000013e9   Thumb Code   280  queue.o(i.xQueueGenericReceive)
    xQueueGenericSend                        0x00001501   Thumb Code   216  queue.o(i.xQueueGenericSend)
    xTaskCheckForTimeOut                     0x000015d9   Thumb Code    72  tasks.o(i.xTaskCheckForTimeOut)
    xTaskGenericCreate                       0x00001625   Thumb Code   338  tasks.o(i.xTaskGenericCreate)
    xTaskGetCurrentTaskHandle                0x00001781   Thumb Code     6  tasks.o(i.xTaskGetCurrentTaskHandle)
    xTaskRemoveFromEventList                 0x0000178d   Thumb Code    90  tasks.o(i.xTaskRemoveFromEventList)
    xTaskResumeAll                           0x000017f1   Thumb Code   158  tasks.o(i.xTaskResumeAll)
    Region$$Table$$Base                      0x00001898   Number         0  anon$$obj.o(Region$$Table)
    Region$$Table$$Limit                     0x000018b8   Number         0  anon$$obj.o(Region$$Table)
    SystemCoreClock                          0x20000000   Data           4  system_nuc100series.o(.data)
    CyclesPerUs                              0x20000004   Data           4  system_nuc100series.o(.data)
    PllClock                                 0x20000008   Data           4  system_nuc100series.o(.data)
    gau32ClkSrcTbl                           0x2000000c   Data          32  system_nuc100series.o(.data)
    __stdout                                 0x20000030   Data           4  retarget.o(.data)
    Mutex                                    0x20000034   Data           4  main.o(.data)
    pxCurrentTCB                             0x20000038   Data           4  tasks.o(.data)
    Chopstick                                0x2000009c   Data          16  main.o(.bss)
    __initial_sp                             0x20003988   Data           0  startup_nuc100series.o(STACK)



==============================================================================

Memory Map of the image

  Image Entry point : 0x000001bd

  Load Region LR_1 (Base: 0x00000000, Size: 0x00001944, Max: 0xffffffff, ABSOLUTE)

    Execution Region ER_RO (Exec base: 0x00000000, Load base: 0x00000000, Size: 0x000018b8, Max: 0xffffffff, ABSOLUTE)

    Exec Addr    Load Addr    Size         Type   Attr      Idx    E Section Name        Object

    0x00000000   0x00000000   0x000000c0   Data   RO          114    RESET               startup_nuc100series.o
    0x000000c0   0x000000c0   0x00000000   Code   RO         1464  * .ARM.Collect$$$$00000000  mc_p.l(entry.o)
    0x000000c0   0x000000c0   0x00000004   Code   RO         1736    .ARM.Collect$$$$00000001  mc_p.l(entry2.o)
    0x000000c4   0x000000c4   0x00000004   Code   RO         1739    .ARM.Collect$$$$00000004  mc_p.l(entry5.o)
    0x000000c8   0x000000c8   0x00000000   Code   RO         1741    .ARM.Collect$$$$00000008  mc_p.l(entry7b.o)
    0x000000c8   0x000000c8   0x00000000   Code   RO         1743    .ARM.Collect$$$$0000000A  mc_p.l(entry8b.o)
    0x000000c8   0x000000c8   0x00000008   Code   RO         1744    .ARM.Collect$$$$0000000B  mc_p.l(entry9a.o)
    0x000000d0   0x000000d0   0x00000000   Code   RO         1746    .ARM.Collect$$$$0000000D  mc_p.l(entry10a.o)
    0x000000d0   0x000000d0   0x00000000   Code   RO         1748    .ARM.Collect$$$$0000000F  mc_p.l(entry11a.o)
    0x000000d0   0x000000d0   0x00000004   Code   RO         1737    .ARM.Collect$$$$00002712  mc_p.l(entry2.o)
    0x000000d4   0x000000d4   0x00000056   Code   RO          121    .emb_text           retarget.o
    0x0000012a   0x0000012a   0x00000002   PAD
    0x0000012c   0x0000012c   0x00000090   Code   RO         1360    .emb_text           port.o
    0x000001bc   0x000001bc   0x0000004c   Code   RO          115  * .text               startup_nuc100series.o
    0x00000208   0x00000208   0x0000002c   Code   RO         1465    .text               mc_p.l(uidiv.o)
    0x00000234   0x00000234   0x00000024   Code   RO         1467    .text               mc_p.l(memcpya.o)
    0x00000258   0x00000258   0x00000024   Code   RO         1469    .text               mc_p.l(memseta.o)
    0x0000027c   0x0000027c   0x0000001a   Code   RO         1471    .text               mc_p.l(strncpy.o)
    0x00000296   0x00000296   0x00000060   Code   RO         1750    .text               mc_p.l(uldiv.o)
    0x000002f6   0x000002f6   0x00000002   PAD
    0x000002f8   0x000002f8   0x00000024   Code   RO         1763    .text               mc_p.l(init.o)
    0x0000031c   0x0000031c   0x00000020   Code   RO         1765    .text               mc_p.l(llshl.o)
    0x0000033c   0x0000033c   0x00000022   Code   RO         1767    .text               mc_p.l(llushr.o)
    0x0000035e   0x0000035e   0x00000002   PAD
    0x00000360   0x00000360   0x00000198   Code   RO          282    i.CLK_EnablePLL     clk.o
    0x000004f8   0x000004f8   0x00000010   Code   RO          283    i.CLK_EnableXtalRC  clk.o
    0x00000508   0x00000508   0x00000078   Code   RO          291    i.CLK_SetCoreClock  clk.o
    0x00000580   0x00000580   0x00000048   Code   RO          292    i.CLK_SetHCLK       clk.o
    0x000005c8   0x000005c8   0x0000002c   Code   RO          295    i.CLK_WaitClockReady  clk.o
    0x000005f4   0x000005f4   0x00000034   Code   RO          599    i.GPIO_Init         main.o
    0x00000628   0x00000628   0x00000028   Code   RO          246    i.GPIO_SetMode      gpio.o
    0x00000650   0x00000650   0x00000028   Code   RO          123    i.Hard_Fault_Handler  retarget.o
    0x00000678   0x00000678   0x00000038   Code   RO          782    i.SYS_Init          sys_init.o
    0x000006b0   0x000006b0   0x0000008c   Code   RO          896    i.ScanKey           scankey.o
    0x0000073c   0x0000073c   0x0000002c   Code   RO          600    i.ScanKey_protected  main.o
    0x00000768   0x00000768   0x00000050   Code   RO          125    i.SendChar          retarget.o
    0x000007b8   0x000007b8   0x00000020   Code   RO          126    i.SendChar_ToUART   retarget.o
    0x000007d8   0x000007d8   0x0000001c   Code   RO         1361    i.SysTick_Handler   port.o
    0x000007f4   0x000007f4   0x00000090   Code   RO            3    i.SystemCoreClockUpdate  system_nuc100series.o
    0x00000884   0x00000884   0x00000002   Code   RO            4    i.SystemInit        system_nuc100series.o
    0x00000886   0x00000886   0x00000002   PAD
    0x00000888   0x00000888   0x00000020   Code   RO         1608    i.__0printf$5       mc_p.l(printf5.o)
    0x000008a8   0x000008a8   0x0000000e   Code   RO         1777    i.__scatterload_copy  mc_p.l(handlers.o)
    0x000008b6   0x000008b6   0x00000002   Code   RO         1778    i.__scatterload_null  mc_p.l(handlers.o)
    0x000008b8   0x000008b8   0x0000000e   Code   RO         1779    i.__scatterload_zeroinit  mc_p.l(handlers.o)
    0x000008c6   0x000008c6   0x00000002   PAD
    0x000008c8   0x000008c8   0x000002dc   Code   RO         1615    i._printf_core      mc_p.l(printf5.o)
    0x00000ba4   0x00000ba4   0x0000000c   Code   RO          131    i.fputc             retarget.o
    0x00000bb0   0x00000bb0   0x00000020   Code   RO          601    i.hungry            main.o
    0x00000bd0   0x00000bd0   0x0000009c   Code   RO          602    i.main              main.o
    0x00000c6c   0x00000c6c   0x00000010   Code   RO          603    i.philosopher_A     main.o
    0x00000c7c   0x00000c7c   0x00000010   Code   RO          604    i.philosopher_B     main.o
    0x00000c8c   0x00000c8c   0x00000010   Code   RO          605    i.philosopher_C     main.o
    0x00000c9c   0x00000c9c   0x00000010   Code   RO          606    i.philosopher_D     main.o
    0x00000cac   0x00000cac   0x00000064   Code   RO         1166    i.prvCheckTasksWaitingTermination  tasks.o
    0x00000d10   0x00000d10   0x00000024   Code   RO         1044    i.prvCopyDataFromQueue  queue.o
    0x00000d34   0x00000d34   0x0000005e   Code   RO         1045    i.prvCopyDataToQueue  queue.o
    0x00000d92   0x00000d92   0x00000002   PAD
    0x00000d94   0x00000d94   0x00000018   Code   RO         1167    i.prvIdleTask       tasks.o
    0x00000dac   0x00000dac   0x0000006a   Code   RO         1046    i.prvUnlockQueue    queue.o
    0x00000e16   0x00000e16   0x00000002   PAD
    0x00000e18   0x00000e18   0x000000b0   Code   RO         1425    i.pvPortMalloc      heap_2.o
    0x00000ec8   0x00000ec8   0x0000001c   Code   RO         1362    i.pxPortInitialiseStack  port.o
    0x00000ee4   0x00000ee4   0x000000a8   Code   RO          133    i.stackDump         retarget.o
    0x00000f8c   0x00000f8c   0x00000016   Code   RO          973    i.vListInitialise   list.o
    0x00000fa2   0x00000fa2   0x00000006   Code   RO          974    i.vListInitialiseItem  list.o
    0x00000fa8   0x00000fa8   0x00000030   Code   RO          975    i.vListInsert       list.o
    0x00000fd8   0x00000fd8   0x0000001c   Code   RO          976    i.vListInsertEnd    list.o
    0x00000ff4   0x00000ff4   0x00000024   Code   RO          977    i.vListRemove       list.o
    0x00001018   0x00001018   0x00000014   Code   RO         1364    i.vPortEnterCritical  port.o
    0x0000102c   0x0000102c   0x00000018   Code   RO         1365    i.vPortExitCritical  port.o
    0x00001044   0x00001044   0x00000038   Code   RO         1426    i.vPortFree         heap_2.o
    0x0000107c   0x0000107c   0x00000010   Code   RO         1366    i.vPortYieldFromISR  port.o
    0x0000108c   0x0000108c   0x00000044   Code   RO         1170    i.vTaskDelay        tasks.o
    0x000010d0   0x000010d0   0x00000084   Code   RO         1174    i.vTaskIncrementTick  tasks.o
    0x00001154   0x00001154   0x0000000c   Code   RO         1175    i.vTaskMissedYield  tasks.o
    0x00001160   0x00001160   0x0000004c   Code   RO         1176    i.vTaskPlaceOnEventList  tasks.o
    0x000011ac   0x000011ac   0x00000044   Code   RO         1177    i.vTaskPriorityDisinherit  tasks.o
    0x000011f0   0x000011f0   0x0000005c   Code   RO         1178    i.vTaskPriorityInherit  tasks.o
    0x0000124c   0x0000124c   0x00000010   Code   RO         1181    i.vTaskSetTimeOutState  tasks.o
    0x0000125c   0x0000125c   0x00000040   Code   RO         1182    i.vTaskStartScheduler  tasks.o
    0x0000129c   0x0000129c   0x00000010   Code   RO         1184    i.vTaskSuspendAll   tasks.o
    0x000012ac   0x000012ac   0x00000048   Code   RO         1185    i.vTaskSwitchContext  tasks.o
    0x000012f4   0x000012f4   0x00000040   Code   RO         1367    i.xPortStartScheduler  port.o
    0x00001334   0x00001334   0x0000005e   Code   RO         1050    i.xQueueCreate      queue.o
    0x00001392   0x00001392   0x00000012   Code   RO         1051    i.xQueueCreateCountingSemaphore  queue.o
    0x000013a4   0x000013a4   0x00000044   Code   RO         1052    i.xQueueCreateMutex  queue.o
    0x000013e8   0x000013e8   0x00000118   Code   RO         1053    i.xQueueGenericReceive  queue.o
    0x00001500   0x00001500   0x000000d8   Code   RO         1054    i.xQueueGenericSend  queue.o
    0x000015d8   0x000015d8   0x0000004c   Code   RO         1186    i.xTaskCheckForTimeOut  tasks.o
    0x00001624   0x00001624   0x0000015c   Code   RO         1187    i.xTaskGenericCreate  tasks.o
    0x00001780   0x00001780   0x0000000c   Code   RO         1188    i.xTaskGetCurrentTaskHandle  tasks.o
    0x0000178c   0x0000178c   0x00000064   Code   RO         1191    i.xTaskRemoveFromEventList  tasks.o
    0x000017f0   0x000017f0   0x000000a8   Code   RO         1192    i.xTaskResumeAll    tasks.o
    0x00001898   0x00001898   0x00000020   Data   RO         1775    Region$$Table       anon$$obj.o


    Execution Region ER_RW (Exec base: 0x20000000, Load base: 0x000018b8, Size: 0x0000008c, Max: 0xffffffff, ABSOLUTE)

    Exec Addr    Load Addr    Size         Type   Attr      Idx    E Section Name        Object

    0x20000000   0x000018b8   0x0000002c   Data   RW            5    .data               system_nuc100series.o
    0x2000002c   0x000018e4   0x00000001   Data   RW          135    .data               retarget.o
    0x2000002d   0x000018e5   0x00000003   PAD
    0x20000030   0x000018e8   0x00000004   Data   RW          136    .data               retarget.o
    0x20000034   0x000018ec   0x00000004   Data   RW          609    .data               main.o
    0x20000038   0x000018f0   0x00000038   Data   RW         1195    .data               tasks.o
    0x20000070   0x00001928   0x00000004   Data   RW         1368    .data               port.o
    0x20000074   0x0000192c   0x00000018   Data   RW         1430    .data               heap_2.o


    Execution Region ER_ZI (Exec base: 0x2000008c, Load base: 0x00001944, Size: 0x000038fc, Max: 0xffffffff, ABSOLUTE)

    Exec Addr    Load Addr    Size         Type   Attr      Idx    E Section Name        Object

    0x2000008c        -       0x00000010   Zero   RW          134    .bss                retarget.o
    0x2000009c        -       0x00000010   Zero   RW          608    .bss                main.o
    0x200000ac        -       0x000000dc   Zero   RW         1194    .bss                tasks.o
    0x20000188        -       0x00003400   Zero   RW         1429    .bss                heap_2.o
    0x20003588        -       0x00000400   Zero   RW          112    STACK               startup_nuc100series.o


==============================================================================

Image component sizes


      Code (inc. data)   RO Data    RW Data    ZI Data      Debug   Object Name

       660         90          0          0          0       4817   clk.o
        40          0          0          0          0       1063   gpio.o
       232         16          0         24      13312       3655   heap_2.o
       140          0          0          0          0       8173   list.o
       348         44          0          4         16       8292   main.o
       324         46          0          4          0       5517   port.o
       912          0          0          0          0       9890   queue.o
       418        148          0          5         16       5545   retarget.o
       140          4          0          0          0        738   scankey.o
        76         32        192          0       1024        756   startup_nuc100series.o
        56          8          0          0          0      41555   sys_init.o
       146         26          0         44          0     118347   system_nuc100series.o
      1444        140          0         56        220      14648   tasks.o

    ----------------------------------------------------------------------
      4944        554        224        140      14588     222996   Object Totals
         0          0         32          0          0          0   (incl. Generated)
         8          0          0          3          0          0   (incl. Padding)

    ----------------------------------------------------------------------

      Code (inc. data)   RO Data    RW Data    ZI Data      Debug   Library Member Name

         0          0          0          0          0          0   entry.o
         0          0          0          0          0          0   entry10a.o
         0          0          0          0          0          0   entry11a.o
         8          4          0          0          0          0   entry2.o
         4          0          0          0          0          0   entry5.o
         0          0          0          0          0          0   entry7b.o
         0          0          0          0          0          0   entry8b.o
         8          4          0          0          0          0   entry9a.o
        30          0          0          0          0          0   handlers.o
        36          8          0          0          0         68   init.o
        32          0          0          0          0         68   llshl.o
        34          0          0          0          0         68   llushr.o
        36          0          0          0          0         60   memcpya.o
        36          0          0          0          0        100   memseta.o
       764         52          0          0          0        168   printf5.o
        26          0          0          0          0         68   strncpy.o
        44          0          0          0          0         72   uidiv.o
        96          0          0          0          0         84   uldiv.o

    ----------------------------------------------------------------------
      1160         68          0          0          0        756   Library Totals
         6          0          0          0          0          0   (incl. Padding)

    ----------------------------------------------------------------------

      Code (inc. data)   RO Data    RW Data    ZI Data      Debug   Library Name

      1154         68          0          0          0        756   mc_p.l

    ----------------------------------------------------------------------
      1160         68          0          0          0        756   Library Totals

    ----------------------------------------------------------------------

==============================================================================


      Code (inc. data)   RO Data    RW Data    ZI Data      Debug   

      6104        622        224        140      14588     220984   Grand Totals
      6104        622        224        140      14588     220984   ELF Image Totals
      6104        622        224        140          0          0   ROM Totals

==============================================================================

    Total RO  Size (Code + RO Data)                 6328 (   6.18kB)
    Total RW  Size (RW Data + ZI Data)             14728 (  14.38kB)
    Total ROM Size (Code + RO Data + RW Data)       6468 (   6.32kB)

==============================================================================

