<html>
<body>
<pre>
<h1>猩ision Build Log</h1>
<h2>Tool Versions:</h2>
IDE-Version: μVision V5.24.2.0
Copyright (C) 2017 ARM Ltd and ARM Germany GmbH. All rights reserved.
License Information: JiaHuang Weng, CCU, LIC=----
 
Tool Versions:
Toolchain:       MDK-Lite  Version: 5.24.1
Toolchain Path:  C:\Keil_v5\ARM\ARMCC\Bin
C Compiler:      Armcc.exe V5.06 update 5 (build 528)
Assembler:       Armasm.exe V5.06 update 5 (build 528)
Linker/Locator:  ArmLink.exe V5.06 update 5 (build 528)
Library Manager: ArmAr.exe V5.06 update 5 (build 528)
Hex Converter:   FromElf.exe V5.06 update 5 (build 528)
CPU DLL:         SARMCM3.DLL V5.24.1
Dialog DLL:      DARMCM1.DLL V1.18.0.0
Target DLL:      Nu_Link.dll V3.07
Dialog DLL:      TARMCM1.DLL V1.13.0.0
 
<h2>Project:</h2>
C:\Users\user\OneDrive\桌面\大三下課程\OS\LAB3\NUC100_Series_BSP_CMSIS_V3.00.006\FreeRTOS_project\Demo\LAB_3\KEIL\LAB_3.uvproj
Project File Date:  05/30/2023

<h2>Output:</h2>
*** Using Compiler 'V5.06 update 5 (build 528)', folder: 'C:\Keil_v5\ARM\ARMCC\Bin'
Rebuild target 'LAB_3'
creating preprocessor file for system_NUC100Series.c...
assembling startup_NUC100Series.s...
creating preprocessor file for retarget.c...
creating preprocessor file for gpio.c...
compiling system_NUC100Series.c...
creating preprocessor file for clk.c...
compiling retarget.c...
creating preprocessor file for sys.c...
compiling gpio.c...
creating preprocessor file for uart.c...
creating preprocessor file for Scankey.c...
compiling clk.c...
compiling sys.c...
creating preprocessor file for partA.c...
creating preprocessor file for list.c...
compiling uart.c...
compiling Scankey.c...
creating preprocessor file for queue.c...
creating preprocessor file for tasks.c...
compiling partA.c...
compiling list.c...
creating preprocessor file for port.c...
creating preprocessor file for heap_2.c...
compiling queue.c...
compiling tasks.c...
compiling port.c...
compiling heap_2.c...
linking...
Program Size: Code=5528 RO-data=224 RW-data=100 ZI-data=14588  
After Build - User command #1: fromelf --bin ".\obj\GPIO_OutputInput.axf" --output ".\obj\GPIO_OutputInput.bin"
After Build - User command #2: fromelf --text -c ".\obj\GPIO_OutputInput.axf" --output ".\obj\GPIO_OutputInput.txt"
".\obj\GPIO_OutputInput.axf" - 0 Error(s), 0 Warning(s).
Build Time Elapsed:  00:00:03
</pre>
</body>
</html>
