<html>
<body>
<pre>
<h1>µVision Build Log</h1>
<h2>Tool Versions:</h2>
IDE-Version: £gVision V5.24.2.0
Copyright (C) 2017 ARM Ltd and ARM Germany GmbH. All rights reserved.
License Information: 123 123, 123, LIC=----
 
Tool Versions:
Toolchain:       MDK-Lite  Version: 5.24.1
Toolchain Path:  C:\Keil_v5\ARM\ARMCC\Bin
C Compiler:      Armcc.exe V5.06 update 5 (build 528)
Assembler:       Armasm.exe V5.06 update 5 (build 528)
Linker/Locator:  ArmLink.exe V5.06 update 5 (build 528)
Library Manager: ArmAr.exe V5.06 update 5 (build 528)
Hex Converter:   FromElf.exe V5.06 update 5 (build 528)
CPU DLL:         SARMCM3.DLL V5.24.1
Dialog DLL:      DARMCM1.DLL V1.18.0.0
Target DLL:      Nu_Link.dll V2.02
Dialog DLL:      TARMCM1.DLL V1.13.0.0
 
<h2>Project:</h2>
C:\Users\wizoz\OneDrive\®à­±\NUC100_120BSPv3.00.002\FreeRTOS_project_ÃD¥Ø\Demo\LAB_3\KEIL\LAB_3.uvproj
Project File Date:  05/22/2019

<h2>Output:</h2>
*** Using Compiler 'V5.06 update 5 (build 528)', folder: 'C:\Keil_v5\ARM\ARMCC\Bin'
Build target 'LAB_3'
creating preprocessor file for system_NUC100Series.c...
creating preprocessor file for retarget.c...
creating preprocessor file for gpio.c...
creating preprocessor file for clk.c...
creating preprocessor file for sys.c...
creating preprocessor file for uart.c...
creating preprocessor file for main.c...
creating preprocessor file for SYS_init.c...
compiling SYS_init.c...
"no source": Error:  #5: cannot open source input file "..\..\..\..\Library\NuMakerLib\Source\SYS_init.c": No such file or directory
..\..\..\..\Library\NuMakerLib\Source\SYS_init.c: 0 warnings, 1 error
creating preprocessor file for Scankey.c...
creating preprocessor file for list.c...
compiling main.c...
..\main.c(48): warning:  #223-D: function "SYS_Init" declared implicitly
  		SYS_Init();
..\main.c: 1 warning, 0 errors
creating preprocessor file for queue.c...
creating preprocessor file for tasks.c...
creating preprocessor file for port.c...
creating preprocessor file for heap_2.c...
linking...
Program Size: Code=6104 RO-data=224 RW-data=140 ZI-data=14588  
After Build - User command #1: fromelf --bin ".\obj\GPIO_OutputInput.axf" --output ".\obj\GPIO_OutputInput.bin"
After Build - User command #2: fromelf --text -c ".\obj\GPIO_OutputInput.axf" --output ".\obj\GPIO_OutputInput.txt"
".\obj\GPIO_OutputInput.axf" - 0 Error(s), 1 Warning(s).
Build Time Elapsed:  00:00:05
</pre>
</body>
</html>
