<html>
<body>
<pre>
<h1>猩ision Build Log</h1>
<h2>Tool Versions:</h2>
IDE-Version: μVision V5.24.2.0
Copyright (C) 2017 ARM Ltd and ARM Germany GmbH. All rights reserved.
License Information: JiaHuang Weng, CCU, LIC=----
 
Tool Versions:
Toolchain:       MDK-Lite  Version: 5.24.1
Toolchain Path:  C:\Keil_v5\ARM\ARMCC\Bin
C Compiler:      Armcc.exe V5.06 update 5 (build 528)
Assembler:       Armasm.exe V5.06 update 5 (build 528)
Linker/Locator:  ArmLink.exe V5.06 update 5 (build 528)
Library Manager: ArmAr.exe V5.06 update 5 (build 528)
Hex Converter:   FromElf.exe V5.06 update 5 (build 528)
CPU DLL:         SARMCM3.DLL V5.24.1
Dialog DLL:      DARMCM1.DLL V1.18.0.0
Target DLL:      NULink\Nu_Link.dll V3.07
Dialog DLL:      TARMCM1.DLL V1.13.0.0
 
<h2>Project:</h2>
C:\Users\user\OneDrive\桌面\大三下課程\OS\LAB3\NUC100_Series_BSP_CMSIS_V3.00.006\SampleCode\StdDriver\WDT_TimeoutINT\KEIL\WDT_TimeoutINT.uvproj
Project File Date:  05/25/2023

<h2>Output:</h2>
*** Using Compiler 'V5.06 update 5 (build 528)', folder: 'C:\Keil_v5\ARM\ARMCC\Bin'
Rebuild target 'WDT_TimeoutINT'
creating preprocessor file for system_NUC100Series.c...
assembling startup_NUC100Series.s...
creating preprocessor file for main.c...
creating preprocessor file for retarget.c...
compiling system_NUC100Series.c...
creating preprocessor file for sys.c...
compiling main.c...
creating preprocessor file for clk.c...
compiling retarget.c...
creating preprocessor file for uart.c...
compiling sys.c...
creating preprocessor file for wdt.c...
creating preprocessor file for gpio.c...
compiling clk.c...
compiling uart.c...
compiling wdt.c...
compiling gpio.c...
linking...
Program Size: Code=3540 RO-data=512 RW-data=52 ZI-data=1028  
After Build - User command #1: fromelf --bin ".\obj\WDT_TimeoutINT.axf" --output ".\obj\WDT_TimeoutINT.bin"
After Build - User command #2: fromelf --text -c ".\obj\WDT_TimeoutINT.axf" --output ".\obj\WDT_TimeoutINT.txt"
".\obj\WDT_TimeoutINT.axf" - 0 Error(s), 0 Warning(s).
Build Time Elapsed:  00:00:01
</pre>
</body>
</html>
